Archive member included to satisfy reference by file (symbol)

c:/st/stm32cubeide_1.6.1/stm32cubeide/plugins/com.st.stm32cube.ide.mcu.externaltools.gnu-tools-for-stm32.9-2020-q2-update.win32_1.5.0.202011040924/tools/bin/../lib/gcc/arm-none-eabi/9.3.1/../../../../arm-none-eabi/lib/thumb/v7e-m+fp/hard\libc_nano.a(lib_a-errno.o)
                              Core/Src/syscalls.o (__errno)
c:/st/stm32cubeide_1.6.1/stm32cubeide/plugins/com.st.stm32cube.ide.mcu.externaltools.gnu-tools-for-stm32.9-2020-q2-update.win32_1.5.0.202011040924/tools/bin/../lib/gcc/arm-none-eabi/9.3.1/../../../../arm-none-eabi/lib/thumb/v7e-m+fp/hard\libc_nano.a(lib_a-exit.o)
                              c:/st/stm32cubeide_1.6.1/stm32cubeide/plugins/com.st.stm32cube.ide.mcu.externaltools.gnu-tools-for-stm32.9-2020-q2-update.win32_1.5.0.202011040924/tools/bin/../lib/gcc/arm-none-eabi/9.3.1/../../../../arm-none-eabi/lib/thumb/v7e-m+fp/hard/crt0.o (exit)
c:/st/stm32cubeide_1.6.1/stm32cubeide/plugins/com.st.stm32cube.ide.mcu.externaltools.gnu-tools-for-stm32.9-2020-q2-update.win32_1.5.0.202011040924/tools/bin/../lib/gcc/arm-none-eabi/9.3.1/../../../../arm-none-eabi/lib/thumb/v7e-m+fp/hard\libc_nano.a(lib_a-impure.o)
                              c:/st/stm32cubeide_1.6.1/stm32cubeide/plugins/com.st.stm32cube.ide.mcu.externaltools.gnu-tools-for-stm32.9-2020-q2-update.win32_1.5.0.202011040924/tools/bin/../lib/gcc/arm-none-eabi/9.3.1/../../../../arm-none-eabi/lib/thumb/v7e-m+fp/hard\libc_nano.a(lib_a-exit.o) (_global_impure_ptr)
c:/st/stm32cubeide_1.6.1/stm32cubeide/plugins/com.st.stm32cube.ide.mcu.externaltools.gnu-tools-for-stm32.9-2020-q2-update.win32_1.5.0.202011040924/tools/bin/../lib/gcc/arm-none-eabi/9.3.1/../../../../arm-none-eabi/lib/thumb/v7e-m+fp/hard\libc_nano.a(lib_a-init.o)
                              c:/st/stm32cubeide_1.6.1/stm32cubeide/plugins/com.st.stm32cube.ide.mcu.externaltools.gnu-tools-for-stm32.9-2020-q2-update.win32_1.5.0.202011040924/tools/bin/../lib/gcc/arm-none-eabi/9.3.1/../../../../arm-none-eabi/lib/thumb/v7e-m+fp/hard/crt0.o (__libc_init_array)
c:/st/stm32cubeide_1.6.1/stm32cubeide/plugins/com.st.stm32cube.ide.mcu.externaltools.gnu-tools-for-stm32.9-2020-q2-update.win32_1.5.0.202011040924/tools/bin/../lib/gcc/arm-none-eabi/9.3.1/../../../../arm-none-eabi/lib/thumb/v7e-m+fp/hard\libc_nano.a(lib_a-memcpy-stub.o)
                              Middlewares/Third_Party/FreeRTOS/Source/queue.o (memcpy)
c:/st/stm32cubeide_1.6.1/stm32cubeide/plugins/com.st.stm32cube.ide.mcu.externaltools.gnu-tools-for-stm32.9-2020-q2-update.win32_1.5.0.202011040924/tools/bin/../lib/gcc/arm-none-eabi/9.3.1/../../../../arm-none-eabi/lib/thumb/v7e-m+fp/hard\libc_nano.a(lib_a-memset.o)
                              c:/st/stm32cubeide_1.6.1/stm32cubeide/plugins/com.st.stm32cube.ide.mcu.externaltools.gnu-tools-for-stm32.9-2020-q2-update.win32_1.5.0.202011040924/tools/bin/../lib/gcc/arm-none-eabi/9.3.1/../../../../arm-none-eabi/lib/thumb/v7e-m+fp/hard/crt0.o (memset)
c:/st/stm32cubeide_1.6.1/stm32cubeide/plugins/com.st.stm32cube.ide.mcu.externaltools.gnu-tools-for-stm32.9-2020-q2-update.win32_1.5.0.202011040924/tools/bin/../lib/gcc/arm-none-eabi/9.3.1/../../../../arm-none-eabi/lib/thumb/v7e-m+fp/hard\libc_nano.a(lib_a-sprintf.o)
                              Core/Gopher_Sense/lib/DAM.o (sprintf)
c:/st/stm32cubeide_1.6.1/stm32cubeide/plugins/com.st.stm32cube.ide.mcu.externaltools.gnu-tools-for-stm32.9-2020-q2-update.win32_1.5.0.202011040924/tools/bin/../lib/gcc/arm-none-eabi/9.3.1/../../../../arm-none-eabi/lib/thumb/v7e-m+fp/hard\libc_nano.a(lib_a-nano-svfprintf.o)
                              c:/st/stm32cubeide_1.6.1/stm32cubeide/plugins/com.st.stm32cube.ide.mcu.externaltools.gnu-tools-for-stm32.9-2020-q2-update.win32_1.5.0.202011040924/tools/bin/../lib/gcc/arm-none-eabi/9.3.1/../../../../arm-none-eabi/lib/thumb/v7e-m+fp/hard\libc_nano.a(lib_a-sprintf.o) (_svfprintf_r)
c:/st/stm32cubeide_1.6.1/stm32cubeide/plugins/com.st.stm32cube.ide.mcu.externaltools.gnu-tools-for-stm32.9-2020-q2-update.win32_1.5.0.202011040924/tools/bin/../lib/gcc/arm-none-eabi/9.3.1/../../../../arm-none-eabi/lib/thumb/v7e-m+fp/hard\libc_nano.a(lib_a-nano-vfprintf_i.o)
                              c:/st/stm32cubeide_1.6.1/stm32cubeide/plugins/com.st.stm32cube.ide.mcu.externaltools.gnu-tools-for-stm32.9-2020-q2-update.win32_1.5.0.202011040924/tools/bin/../lib/gcc/arm-none-eabi/9.3.1/../../../../arm-none-eabi/lib/thumb/v7e-m+fp/hard\libc_nano.a(lib_a-nano-svfprintf.o) (_printf_i)
c:/st/stm32cubeide_1.6.1/stm32cubeide/plugins/com.st.stm32cube.ide.mcu.externaltools.gnu-tools-for-stm32.9-2020-q2-update.win32_1.5.0.202011040924/tools/bin/../lib/gcc/arm-none-eabi/9.3.1/../../../../arm-none-eabi/lib/thumb/v7e-m+fp/hard\libc_nano.a(lib_a-memchr.o)
[...]
Memory Configuration

Name             Origin             Length             Attributes
RAM              0x0000000020000000 0x0000000000050000 xrw
FLASH            0x0000000008000000 0x0000000000100000 xr
*default*        0x0000000000000000 0xffffffffffffffff

Linker script and memory map

LOAD c:/st/stm32cubeide_1.6.1/stm32cubeide/plugins/com.st.stm32cube.ide.mcu.externaltools.gnu-tools-for-stm32.9-2020-q2-update.win32_1.5.0.202011040924/tools/bin/../lib/gcc/arm-none-eabi/9.3.1/thumb/v7e-m+fp/hard/crti.o
LOAD c:/st/stm32cubeide_1.6.1/stm32cubeide/plugins/com.st.stm32cube.ide.mcu.externaltools.gnu-tools-for-stm32.9-2020-q2-update.win32_1.5.0.202011040924/tools/bin/../lib/gcc/arm-none-eabi/9.3.1/thumb/v7e-m+fp/hard/crtbegin.o
LOAD c:/st/stm32cubeide_1.6.1/stm32cubeide/plugins/com.st.stm32cube.ide.mcu.externaltools.gnu-tools-for-stm32.9-2020-q2-update.win32_1.5.0.202011040924/tools/bin/../lib/gcc/arm-none-eabi/9.3.1/../../../../arm-none-eabi/lib/thumb/v7e-m+fp/hard/crt0.o
LOAD Core/Gopher_Sense/Build/dam_hw_config.o
LOAD Core/Gopher_Sense/Build/gopher_sense.o
LOAD Core/Gopher_Sense/lib/DAM.o
LOAD Core/Gopher_Sense/lib/gopher_sense_lib.o
LOAD Core/Gopher_Sense/sensor_hal.o
LOAD Core/Src/acm_GO422.o
LOAD Core/Src/freertos.o
LOAD Core/Src/main.o
LOAD Core/Src/stm32f7xx_hal_msp.o
LOAD Core/Src/stm32f7xx_hal_timebase_tim.o
LOAD Core/Src/stm32f7xx_it.o
LOAD Core/Src/syscalls.o
LOAD Core/Src/sysmem.o
LOAD Core/Src/system_stm32f7xx.o
LOAD Core/Startup/startup_stm32f756zgtx.o
LOAD Core/gophercan-lib/GopherCAN.o
LOAD Core/gophercan-lib/GopherCAN_ids.o
LOAD Core/gophercan-lib/GopherCAN_ring_buffer.o
LOAD Drivers/STM32F7xx_HAL_Driver/Src/stm32f7xx_hal.o
LOAD Drivers/STM32F7xx_HAL_Driver/Src/stm32f7xx_hal_adc.o
LOAD Drivers/STM32F7xx_HAL_Driver/Src/stm32f7xx_hal_adc_ex.o
LOAD Drivers/STM32F7xx_HAL_Driver/Src/stm32f7xx_hal_can.o
LOAD Drivers/STM32F7xx_HAL_Driver/Src/stm32f7xx_hal_cortex.o
LOAD Drivers/STM32F7xx_HAL_Driver/Src/stm32f7xx_hal_dma.o
LOAD Drivers/STM32F7xx_HAL_Driver/Src/stm32f7xx_hal_dma_ex.o
LOAD Drivers/STM32F7xx_HAL_Driver/Src/stm32f7xx_hal_exti.o
LOAD Drivers/STM32F7xx_HAL_Driver/Src/stm32f7xx_hal_flash.o
LOAD Drivers/STM32F7xx_HAL_Driver/Src/stm32f7xx_hal_flash_ex.o
LOAD Drivers/STM32F7xx_HAL_Driver/Src/stm32f7xx_hal_gpio.o
LOAD Drivers/STM32F7xx_HAL_Driver/Src/stm32f7xx_hal_i2c.o
LOAD Drivers/STM32F7xx_HAL_Driver/Src/stm32f7xx_hal_i2c_ex.o
LOAD Drivers/STM32F7xx_HAL_Driver/Src/stm32f7xx_hal_pwr.o
LOAD Drivers/STM32F7xx_HAL_Driver/Src/stm32f7xx_hal_pwr_ex.o
LOAD Drivers/STM32F7xx_HAL_Driver/Src/stm32f7xx_hal_rcc.o
LOAD Drivers/STM32F7xx_HAL_Driver/Src/stm32f7xx_hal_rcc_ex.o
LOAD Drivers/STM32F7xx_HAL_Driver/Src/stm32f7xx_hal_tim.o
LOAD Drivers/STM32F7xx_HAL_Driver/Src/stm32f7xx_hal_tim_ex.o
LOAD Middlewares/Third_Party/FreeRTOS/Source/CMSIS_RTOS/cmsis_os.o
LOAD Middlewares/Third_Party/FreeRTOS/Source/croutine.o
LOAD Middlewares/Third_Party/FreeRTOS/Source/event_groups.o
LOAD Middlewares/Third_Party/FreeRTOS/Source/list.o
LOAD Middlewares/Third_Party/FreeRTOS/Source/queue.o
LOAD Middlewares/Third_Party/FreeRTOS/Source/stream_buffer.o
LOAD Middlewares/Third_Party/FreeRTOS/Source/tasks.o
LOAD Middlewares/Third_Party/FreeRTOS/Source/timers.o
LOAD Middlewares/Third_Party/FreeRTOS/Source/portable/GCC/ARM_CM7/r0p1/port.o
LOAD Middlewares/Third_Party/FreeRTOS/Source/portable/MemMang/heap_4.o
START GROUP
LOAD c:/st/stm32cubeide_1.6.1/stm32cubeide/plugins/com.st.stm32cube.ide.mcu.externaltools.gnu-tools-for-stm32.9-2020-q2-update.win32_1.5.0.202011040924/tools/bin/../lib/gcc/arm-none-eabi/9.3.1/../../../../arm-none-eabi/lib/thumb/v7e-m+fp/hard\libc_nano.a
LOAD c:/st/stm32cubeide_1.6.1/stm32cubeide/plugins/com.st.stm32cube.ide.mcu.externaltools.gnu-tools-for-stm32.9-2020-q2-update.win32_1.5.0.202011040924/tools/bin/../lib/gcc/arm-none-eabi/9.3.1/../../../../arm-none-eabi/lib/thumb/v7e-m+fp/hard\libm.a
END GROUP
START GROUP
LOAD c:/st/stm32cubeide_1.6.1/stm32cubeide/plugins/com.st.stm32cube.ide.mcu.externaltools.gnu-tools-for-stm32.9-2020-q2-update.win32_1.5.0.202011040924/tools/bin/../lib/gcc/arm-none-eabi/9.3.1/thumb/v7e-m+fp/hard\libgcc.a
LOAD c:/st/stm32cubeide_1.6.1/stm32cubeide/plugins/com.st.stm32cube.ide.mcu.externaltools.gnu-tools-for-stm32.9-2020-q2-update.win32_1.5.0.202011040924/tools/bin/../lib/gcc/arm-none-eabi/9.3.1/../../../../arm-none-eabi/lib/thumb/v7e-m+fp/hard\libc_nano.a
END GROUP
START GROUP
LOAD c:/st/stm32cubeide_1.6.1/stm32cubeide/plugins/com.st.stm32cube.ide.mcu.externaltools.gnu-tools-for-stm32.9-2020-q2-update.win32_1.5.0.202011040924/tools/bin/../lib/gcc/arm-none-eabi/9.3.1/thumb/v7e-m+fp/hard\libgcc.a
LOAD c:/st/stm32cubeide_1.6.1/stm32cubeide/plugins/com.st.stm32cube.ide.mcu.externaltools.gnu-tools-for-stm32.9-2020-q2-update.win32_1.5.0.202011040924/tools/bin/../lib/gcc/arm-none-eabi/9.3.1/../../../../arm-none-eabi/lib/thumb/v7e-m+fp/hard\libc_nano.a
LOAD c:/st/stm32cubeide_1.6.1/stm32cubeide/plugins/com.st.stm32cube.ide.mcu.externaltools.gnu-tools-for-stm32.9-2020-q2-update.win32_1.5.0.202011040924/tools/bin/../lib/gcc/arm-none-eabi/9.3.1/../../../../arm-none-eabi/lib/thumb/v7e-m+fp/hard\libnosys.a
END GROUP
START GROUP
LOAD c:/st/stm32cubeide_1.6.1/stm32cubeide/plugins/com.st.stm32cube.ide.mcu.externaltools.gnu-tools-for-stm32.9-2020-q2-update.win32_1.5.0.202011040924/tools/bin/../lib/gcc/arm-none-eabi/9.3.1/thumb/v7e-m+fp/hard\libgcc.a
LOAD c:/st/stm32cubeide_1.6.1/stm32cubeide/plugins/com.st.stm32cube.ide.mcu.externaltools.gnu-tools-for-stm32.9-2020-q2-update.win32_1.5.0.202011040924/tools/bin/../lib/gcc/arm-none-eabi/9.3.1/../../../../arm-none-eabi/lib/thumb/v7e-m+fp/hard\libc_nano.a
LOAD c:/st/stm32cubeide_1.6.1/stm32cubeide/plugins/com.st.stm32cube.ide.mcu.externaltools.gnu-tools-for-stm32.9-2020-q2-update.win32_1.5.0.202011040924/tools/bin/../lib/gcc/arm-none-eabi/9.3.1/../../../../arm-none-eabi/lib/thumb/v7e-m+fp/hard\libnosys.a
END GROUP
LOAD c:/st/stm32cubeide_1.6.1/stm32cubeide/plugins/com.st.stm32cube.ide.mcu.externaltools.gnu-tools-for-stm32.9-2020-q2-update.win32_1.5.0.202011040924/tools/bin/../lib/gcc/arm-none-eabi/9.3.1/thumb/v7e-m+fp/hard/crtend.o
LOAD c:/st/stm32cubeide_1.6.1/stm32cubeide/plugins/com.st.stm32cube.ide.mcu.externaltools.gnu-tools-for-stm32.9-2020-q2-update.win32_1.5.0.202011040924/tools/bin/../lib/gcc/arm-none-eabi/9.3.1/thumb/v7e-m+fp/hard/crtn.o
                0x0000000020050000                _estack = (ORIGIN (RAM) + LENGTH (RAM))
                0x0000000000000200                _Min_Heap_Size = 0x200
                0x0000000000000400                _Min_Stack_Size = 0x400

.isr_vector     0x0000000008000000      0x1c8
                0x0000000008000000                . = ALIGN (0x4)
 *(.isr_vector)
 .isr_vector    0x0000000008000000      0x1c8 Core/Startup/startup_stm32f756zgtx.o
                0x0000000008000000                g_pfnVectors
                0x00000000080001c8                . = ALIGN (0x4)

.text           0x00000000080001d0     0x6854
                0x00000000080001d0                . = ALIGN (0x4)
 *(.text)
 .text          0x00000000080001d0       0x40 c:/st/stm32cubeide_1.6.1/stm32cubeide/plugins/com.st.stm32cube.ide.mcu.externaltools.gnu-tools-for-stm32.9-2020-q2-update.win32_1.5.0.202011040924/tools/bin/../lib/gcc/arm-none-eabi/9.3.1/thumb/v7e-m+fp/hard/crtbegin.o
 .text          0x0000000008000210       0x30 c:/st/stm32cubeide_1.6.1/stm32cubeide/plugins/com.st.stm32cube.ide.mcu.externaltools.gnu-tools-for-stm32.9-2020-q2-update.win32_1.5.0.202011040924/tools/bin/../lib/gcc/arm-none-eabi/9.3.1/thumb/v7e-m+fp/hard\libgcc.a(_aeabi_uldivmod.o)
                0x0000000008000210                __aeabi_uldivmod
 .text          0x0000000008000240      0x2c4 c:/st/stm32cubeide_1.6.1/stm32cubeide/plugins/com.st.stm32cube.ide.mcu.externaltools.gnu-tools-for-stm32.9-2020-q2-update.win32_1.5.0.202011040924/tools/bin/../lib/gcc/arm-none-eabi/9.3.1/thumb/v7e-m+fp/hard\libgcc.a(_udivmoddi4.o)
                0x0000000008000240                __udivmoddi4
 .text          0x0000000008000504        0x4 c:/st/stm32cubeide_1.6.1/stm32cubeide/plugins/com.st.stm32cube.ide.mcu.externaltools.gnu-tools-for-stm32.9-2020-q2-update.win32_1.5.0.202011040924/tools/bin/../lib/gcc/arm-none-eabi/9.3.1/thumb/v7e-m+fp/hard\libgcc.a(_dvmd_tls.o)
                0x0000000008000504                __aeabi_idiv0
                0x0000000008000504                __aeabi_ldiv0
 *(.text*)
 .text.init     0x0000000008000508       0xe0 Core/Src/acm_GO422.o
                0x0000000008000508                init
 .text.valid_data_channel
                0x00000000080005e8       0xa0 Core/Src/acm_GO422.o
                0x00000000080005e8                valid_data_channel
 .text.calculate_rear_wing_angle
                0x0000000008000688       0xb4 Core/Src/acm_GO422.o
                0x0000000008000688                calculate_rear_wing_angle
 .text.calculate_front_wing_angle
                0x000000000800073c       0xb4 Core/Src/acm_GO422.o
                0x000000000800073c                calculate_front_wing_angle
 .text.determine_rear_angle
                0x00000000080007f0       0x48 Core/Src/acm_GO422.o
                0x00000000080007f0                determine_rear_angle
 .text.determine_front_angle
                0x0000000008000838       0x48 Core/Src/acm_GO422.o
                0x0000000008000838                determine_front_angle
 .text.parameter_request
                0x0000000008000880       0x3c Core/Src/acm_GO422.o
                0x0000000008000880                parameter_request
 .text.PWM_generation
                0x00000000080008bc      0x11c Core/Src/acm_GO422.o
                0x00000000080008bc                PWM_generation
 .text.vApplicationGetIdleTaskMemory
                0x00000000080009d8       0x34 Core/Src/freertos.o
                0x00000000080009d8                vApplicationGetIdleTaskMemory
 .text.main     0x0000000008000a0c       0x84 Core/Src/main.o
                0x0000000008000a0c                main
 .text.SystemClock_Config
                0x0000000008000a90       0xd8 Core/Src/main.o
                0x0000000008000a90                SystemClock_Config
 .text.MX_ADC1_Init
                0x0000000008000b68       0xa4 Core/Src/main.o
 .text.MX_ADC3_Init
                0x0000000008000c0c       0xa4 Core/Src/main.o
 .text.MX_CAN1_Init
                0x0000000008000cb0       0x6c Core/Src/main.o
 .text.MX_TIM2_Init
                0x0000000008000d1c      0x118 Core/Src/main.o
 .text.MX_TIM8_Init
                0x0000000008000e34      0x158 Core/Src/main.o
 .text.MX_GPIO_Init
                0x0000000008000f8c      0x134 Core/Src/main.o
 .text.task_main_loop
                0x00000000080010c0      0x12c Core/Src/main.o
                0x00000000080010c0                task_main_loop
 .text.task_gcan_hw
                0x00000000080011ec       0x10 Core/Src/main.o
                0x00000000080011ec                task_gcan_hw
 .text.HAL_TIM_PeriodElapsedCallback
                0x00000000080011fc       0x24 Core/Src/main.o
                0x00000000080011fc                HAL_TIM_PeriodElapsedCallback
 .text.Error_Handler
                0x0000000008001220        0xa Core/Src/main.o
                0x0000000008001220                Error_Handler
 *fill*         0x000000000800122a        0x2 
 .text.HAL_MspInit
                0x000000000800122c       0x50 Core/Src/stm32f7xx_hal_msp.o
                0x000000000800122c                HAL_MspInit
 .text.HAL_ADC_MspInit
                0x000000000800127c      0x144 Core/Src/stm32f7xx_hal_msp.o
                0x000000000800127c                HAL_ADC_MspInit
 .text.HAL_CAN_MspInit
                0x00000000080013c0       0xb8 Core/Src/stm32f7xx_hal_msp.o
                0x00000000080013c0                HAL_CAN_MspInit
 .text.HAL_TIM_Base_MspInit
                0x0000000008001478       0x64 Core/Src/stm32f7xx_hal_msp.o
                0x0000000008001478                HAL_TIM_Base_MspInit
 .text.HAL_TIM_MspPostInit
                0x00000000080014dc       0xb8 Core/Src/stm32f7xx_hal_msp.o
                0x00000000080014dc                HAL_TIM_MspPostInit
 .text.HAL_InitTick
                0x0000000008001594       0xb0 Core/Src/stm32f7xx_hal_timebase_tim.o
                0x0000000008001594                HAL_InitTick
 .text.NMI_Handler
                0x0000000008001644        0x6 Core/Src/stm32f7xx_it.o
                0x0000000008001644                NMI_Handler
 .text.HardFault_Handler
                0x000000000800164a        0x6 Core/Src/stm32f7xx_it.o
                0x000000000800164a                HardFault_Handler
 .text.MemManage_Handler
                0x0000000008001650        0x6 Core/Src/stm32f7xx_it.o
                0x0000000008001650                MemManage_Handler
 .text.BusFault_Handler
                0x0000000008001656        0x6 Core/Src/stm32f7xx_it.o
                0x0000000008001656                BusFault_Handler
 .text.UsageFault_Handler
                0x000000000800165c        0x6 Core/Src/stm32f7xx_it.o
                0x000000000800165c                UsageFault_Handler
 .text.DebugMon_Handler
                0x0000000008001662        0xe Core/Src/stm32f7xx_it.o
                0x0000000008001662                DebugMon_Handler
 .text.CAN1_TX_IRQHandler
                0x0000000008001670       0x14 Core/Src/stm32f7xx_it.o
                0x0000000008001670                CAN1_TX_IRQHandler
 .text.CAN1_RX0_IRQHandler
                0x0000000008001684       0x14 Core/Src/stm32f7xx_it.o
                0x0000000008001684                CAN1_RX0_IRQHandler
 .text.CAN1_RX1_IRQHandler
                0x0000000008001698       0x14 Core/Src/stm32f7xx_it.o
                0x0000000008001698                CAN1_RX1_IRQHandler
 .text.TIM6_DAC_IRQHandler
                0x00000000080016ac       0x14 Core/Src/stm32f7xx_it.o
                0x00000000080016ac                TIM6_DAC_IRQHandler
 .text.SystemInit
                0x00000000080016c0       0x24 Core/Src/system_stm32f7xx.o
                0x00000000080016c0                SystemInit
 .text.Reset_Handler
                0x00000000080016e4       0x50 Core/Startup/startup_stm32f756zgtx.o
                0x00000000080016e4                Reset_Handler
 .text.Default_Handler
                0x0000000008001734        0x2 Core/Startup/startup_stm32f756zgtx.o
                0x0000000008001734                RTC_Alarm_IRQHandler
                0x0000000008001734                HASH_RNG_IRQHandler
                0x0000000008001734                EXTI2_IRQHandler
                0x0000000008001734                TIM8_CC_IRQHandler
                0x0000000008001734                UART8_IRQHandler
                0x0000000008001734                SPI4_IRQHandler
                0x0000000008001734                TIM1_CC_IRQHandler
                0x0000000008001734                DMA2_Stream5_IRQHandler
                0x0000000008001734                DMA1_Stream5_IRQHandler
                0x0000000008001734                PVD_IRQHandler
                0x0000000008001734                TAMP_STAMP_IRQHandler
                0x0000000008001734                CAN2_RX1_IRQHandler
                0x0000000008001734                EXTI3_IRQHandler
                0x0000000008001734                TIM8_TRG_COM_TIM14_IRQHandler
                0x0000000008001734                TIM1_UP_TIM10_IRQHandler
                0x0000000008001734                TIM8_UP_TIM13_IRQHandler
                0x0000000008001734                I2C3_ER_IRQHandler
                0x0000000008001734                EXTI0_IRQHandler
                0x0000000008001734                I2C2_EV_IRQHandler
                0x0000000008001734                DMA1_Stream2_IRQHandler
                0x0000000008001734                FPU_IRQHandler
                0x0000000008001734                OTG_HS_WKUP_IRQHandler
                0x0000000008001734                LTDC_ER_IRQHandler
                0x0000000008001734                CAN2_SCE_IRQHandler
                0x0000000008001734                DMA2_Stream2_IRQHandler
                0x0000000008001734                SPI1_IRQHandler
                0x0000000008001734                TIM1_BRK_TIM9_IRQHandler
                0x0000000008001734                DCMI_IRQHandler
                0x0000000008001734                CAN2_RX0_IRQHandler
                0x0000000008001734                DMA2_Stream3_IRQHandler
                0x0000000008001734                SAI2_IRQHandler
                0x0000000008001734                USART6_IRQHandler
                0x0000000008001734                USART3_IRQHandler
                0x0000000008001734                CRYP_IRQHandler
                0x0000000008001734                UART5_IRQHandler
                0x0000000008001734                DMA2_Stream0_IRQHandler
                0x0000000008001734                TIM4_IRQHandler
                0x0000000008001734                QUADSPI_IRQHandler
                0x0000000008001734                I2C1_EV_IRQHandler
                0x0000000008001734                DMA1_Stream6_IRQHandler
                0x0000000008001734                DMA1_Stream1_IRQHandler
                0x0000000008001734                UART4_IRQHandler
                0x0000000008001734                TIM3_IRQHandler
                0x0000000008001734                RCC_IRQHandler
                0x0000000008001734                TIM8_BRK_TIM12_IRQHandler
                0x0000000008001734                Default_Handler
                0x0000000008001734                CEC_IRQHandler
                0x0000000008001734                EXTI15_10_IRQHandler
                0x0000000008001734                ADC_IRQHandler
                0x0000000008001734                DMA1_Stream7_IRQHandler
                0x0000000008001734                SPI5_IRQHandler
                0x0000000008001734                TIM7_IRQHandler
                0x0000000008001734                SDMMC1_IRQHandler
                0x0000000008001734                CAN2_TX_IRQHandler
                0x0000000008001734                TIM5_IRQHandler
                0x0000000008001734                DMA2_Stream7_IRQHandler
                0x0000000008001734                I2C3_EV_IRQHandler
                0x0000000008001734                EXTI9_5_IRQHandler
                0x0000000008001734                RTC_WKUP_IRQHandler
                0x0000000008001734                LTDC_IRQHandler
                0x0000000008001734                ETH_WKUP_IRQHandler
                0x0000000008001734                SPDIF_RX_IRQHandler
                0x0000000008001734                SPI2_IRQHandler
                0x0000000008001734                OTG_HS_EP1_IN_IRQHandler
                0x0000000008001734                DMA1_Stream0_IRQHandler
                0x0000000008001734                EXTI4_IRQHandler
                0x0000000008001734                ETH_IRQHandler
                0x0000000008001734                OTG_HS_EP1_OUT_IRQHandler
                0x0000000008001734                WWDG_IRQHandler
                0x0000000008001734                SPI6_IRQHandler
                0x0000000008001734                I2C4_EV_IRQHandler
                0x0000000008001734                TIM2_IRQHandler
                0x0000000008001734                OTG_FS_WKUP_IRQHandler
                0x0000000008001734                TIM1_TRG_COM_TIM11_IRQHandler
                0x0000000008001734                OTG_HS_IRQHandler
                0x0000000008001734                DMA2D_IRQHandler
                0x0000000008001734                EXTI1_IRQHandler
                0x0000000008001734                UART7_IRQHandler
                0x0000000008001734                USART2_IRQHandler
                0x0000000008001734                I2C2_ER_IRQHandler
                0x0000000008001734                DMA2_Stream1_IRQHandler
                0x0000000008001734                CAN1_SCE_IRQHandler
                0x0000000008001734                FLASH_IRQHandler
                0x0000000008001734                DMA2_Stream4_IRQHandler
                0x0000000008001734                USART1_IRQHandler
                0x0000000008001734                OTG_FS_IRQHandler
                0x0000000008001734                SPI3_IRQHandler
                0x0000000008001734                DMA1_Stream4_IRQHandler
                0x0000000008001734                I2C1_ER_IRQHandler
                0x0000000008001734                FMC_IRQHandler
                0x0000000008001734                LPTIM1_IRQHandler
                0x0000000008001734                I2C4_ER_IRQHandler
                0x0000000008001734                DMA2_Stream6_IRQHandler
                0x0000000008001734                SAI1_IRQHandler
                0x0000000008001734                DMA1_Stream3_IRQHandler
 *fill*         0x0000000008001736        0x2 
 .text.init_can
                0x0000000008001738      0x104 Core/gophercan-lib/GopherCAN.o
                0x0000000008001738                init_can
 .text.init_all_params
                0x000000000800183c       0x58 Core/gophercan-lib/GopherCAN.o
 .text.set_all_params_state
                0x0000000008001894       0x3c Core/gophercan-lib/GopherCAN.o
                0x0000000008001894                set_all_params_state
 .text.init_filters
                0x00000000080018d0       0x68 Core/gophercan-lib/GopherCAN.o
 .text.HAL_CAN_RxFifo0MsgPendingCallback
                0x0000000008001938       0x18 Core/gophercan-lib/GopherCAN.o
                0x0000000008001938                HAL_CAN_RxFifo0MsgPendingCallback
 .text.HAL_CAN_RxFifo1MsgPendingCallback
                0x0000000008001950       0x18 Core/gophercan-lib/GopherCAN.o
                0x0000000008001950                HAL_CAN_RxFifo1MsgPendingCallback
 .text.request_parameter
                0x0000000008001968       0x88 Core/gophercan-lib/GopherCAN.o
                0x0000000008001968                request_parameter
 .text.service_can_tx_hardware
                0x00000000080019f0       0xa4 Core/gophercan-lib/GopherCAN.o
                0x00000000080019f0                service_can_tx_hardware
 .text.service_can_rx_hardware
                0x0000000008001a94       0xa4 Core/gophercan-lib/GopherCAN.o
                0x0000000008001a94                service_can_rx_hardware
 .text.tx_can_message
                0x0000000008001b38       0x5c Core/gophercan-lib/GopherCAN.o
 .text.build_message_id
                0x0000000008001b94       0xc0 Core/gophercan-lib/GopherCAN.o
 .text.HAL_CAN_TxMailbox0CompleteCallback
                0x0000000008001c54       0x16 Core/gophercan-lib/GopherCAN.o
                0x0000000008001c54                HAL_CAN_TxMailbox0CompleteCallback
 .text.HAL_CAN_TxMailbox1CompleteCallback
                0x0000000008001c6a       0x16 Core/gophercan-lib/GopherCAN.o
                0x0000000008001c6a                HAL_CAN_TxMailbox1CompleteCallback
 .text.HAL_CAN_TxMailbox2CompleteCallback
                0x0000000008001c80       0x16 Core/gophercan-lib/GopherCAN.o
                0x0000000008001c80                HAL_CAN_TxMailbox2CompleteCallback
 .text.HAL_CAN_TxMailbox0AbortCallback
                0x0000000008001c96       0x16 Core/gophercan-lib/GopherCAN.o
                0x0000000008001c96                HAL_CAN_TxMailbox0AbortCallback
 .text.HAL_CAN_TxMailbox1AbortCallback
                0x0000000008001cac       0x16 Core/gophercan-lib/GopherCAN.o
                0x0000000008001cac                HAL_CAN_TxMailbox1AbortCallback
 .text.HAL_CAN_TxMailbox2AbortCallback
                0x0000000008001cc2       0x16 Core/gophercan-lib/GopherCAN.o
                0x0000000008001cc2                HAL_CAN_TxMailbox2AbortCallback
 .text.do_nothing
                0x0000000008001cd8       0x24 Core/gophercan-lib/GopherCAN.o
                0x0000000008001cd8                do_nothing
 .text.init_buffer
                0x0000000008001cfc       0x32 Core/gophercan-lib/GopherCAN_ring_buffer.o
                0x0000000008001cfc                init_buffer
 .text.remove_from_front
                0x0000000008001d2e       0x44 Core/gophercan-lib/GopherCAN_ring_buffer.o
                0x0000000008001d2e                remove_from_front
 .text.add_message_by_highest_prio
                0x0000000008001d72       0xe8 Core/gophercan-lib/GopherCAN_ring_buffer.o
                0x0000000008001d72                add_message_by_highest_prio
 .text.copy_message
                0x0000000008001e5a       0x58 Core/gophercan-lib/GopherCAN_ring_buffer.o
 .text.HAL_Init
                0x0000000008001eb2       0x1a Drivers/STM32F7xx_HAL_Driver/Src/stm32f7xx_hal.o
                0x0000000008001eb2                HAL_Init
 .text.HAL_IncTick
                0x0000000008001ecc       0x28 Drivers/STM32F7xx_HAL_Driver/Src/stm32f7xx_hal.o
                0x0000000008001ecc                HAL_IncTick
 .text.HAL_GetTick
                0x0000000008001ef4       0x18 Drivers/STM32F7xx_HAL_Driver/Src/stm32f7xx_hal.o
                0x0000000008001ef4                HAL_GetTick
 .text.HAL_SetTickFreq
                0x0000000008001f0c       0x50 Drivers/STM32F7xx_HAL_Driver/Src/stm32f7xx_hal.o
                0x0000000008001f0c                HAL_SetTickFreq
 .text.HAL_ADC_Init
                0x0000000008001f5c       0x88 Drivers/STM32F7xx_HAL_Driver/Src/stm32f7xx_hal_adc.o
                0x0000000008001f5c                HAL_ADC_Init
 .text.HAL_ADC_ConfigChannel
                0x0000000008001fe4      0x294 Drivers/STM32F7xx_HAL_Driver/Src/stm32f7xx_hal_adc.o
                0x0000000008001fe4                HAL_ADC_ConfigChannel
 .text.ADC_Init
                0x0000000008002278      0x1f4 Drivers/STM32F7xx_HAL_Driver/Src/stm32f7xx_hal_adc.o
 .text.HAL_CAN_Init
                0x000000000800246c      0x1f6 Drivers/STM32F7xx_HAL_Driver/Src/stm32f7xx_hal_can.o
                0x000000000800246c                HAL_CAN_Init
 *fill*         0x0000000008002662        0x2 
 .text.HAL_CAN_ConfigFilter
                0x0000000008002664      0x1c0 Drivers/STM32F7xx_HAL_Driver/Src/stm32f7xx_hal_can.o
                0x0000000008002664                HAL_CAN_ConfigFilter
 .text.HAL_CAN_Start
                0x0000000008002824       0x88 Drivers/STM32F7xx_HAL_Driver/Src/stm32f7xx_hal_can.o
                0x0000000008002824                HAL_CAN_Start
 .text.HAL_CAN_AddTxMessage
                0x00000000080028ac      0x1b6 Drivers/STM32F7xx_HAL_Driver/Src/stm32f7xx_hal_can.o
                0x00000000080028ac                HAL_CAN_AddTxMessage
 .text.HAL_CAN_GetTxMailboxesFreeLevel
                0x0000000008002a62       0x6a Drivers/STM32F7xx_HAL_Driver/Src/stm32f7xx_hal_can.o
                0x0000000008002a62                HAL_CAN_GetTxMailboxesFreeLevel
 .text.HAL_CAN_GetRxMessage
                0x0000000008002acc      0x224 Drivers/STM32F7xx_HAL_Driver/Src/stm32f7xx_hal_can.o
                0x0000000008002acc                HAL_CAN_GetRxMessage
 .text.HAL_CAN_GetRxFifoFillLevel
                0x0000000008002cf0       0x50 Drivers/STM32F7xx_HAL_Driver/Src/stm32f7xx_hal_can.o
                0x0000000008002cf0                HAL_CAN_GetRxFifoFillLevel
 .text.HAL_CAN_ActivateNotification
                0x0000000008002d40       0x4c Drivers/STM32F7xx_HAL_Driver/Src/stm32f7xx_hal_can.o
                0x0000000008002d40                HAL_CAN_ActivateNotification
 .text.HAL_CAN_DeactivateNotification
                0x0000000008002d8c       0x4e Drivers/STM32F7xx_HAL_Driver/Src/stm32f7xx_hal_can.o
                0x0000000008002d8c                HAL_CAN_DeactivateNotification
 .text.HAL_CAN_IRQHandler
                0x0000000008002dda      0x36e Drivers/STM32F7xx_HAL_Driver/Src/stm32f7xx_hal_can.o
                0x0000000008002dda                HAL_CAN_IRQHandler
 .text.HAL_CAN_RxFifo0FullCallback
                0x0000000008003148       0x14 Drivers/STM32F7xx_HAL_Driver/Src/stm32f7xx_hal_can.o
                0x0000000008003148                HAL_CAN_RxFifo0FullCallback
 .text.HAL_CAN_RxFifo1FullCallback
                0x000000000800315c       0x14 Drivers/STM32F7xx_HAL_Driver/Src/stm32f7xx_hal_can.o
                0x000000000800315c                HAL_CAN_RxFifo1FullCallback
 .text.HAL_CAN_SleepCallback
                0x0000000008003170       0x14 Drivers/STM32F7xx_HAL_Driver/Src/stm32f7xx_hal_can.o
                0x0000000008003170                HAL_CAN_SleepCallback
 .text.HAL_CAN_WakeUpFromRxMsgCallback
                0x0000000008003184       0x14 Drivers/STM32F7xx_HAL_Driver/Src/stm32f7xx_hal_can.o
                0x0000000008003184                HAL_CAN_WakeUpFromRxMsgCallback
 .text.HAL_CAN_ErrorCallback
                0x0000000008003198       0x14 Drivers/STM32F7xx_HAL_Driver/Src/stm32f7xx_hal_can.o
                0x0000000008003198                HAL_CAN_ErrorCallback
 .text.__NVIC_SetPriorityGrouping
                0x00000000080031ac       0x48 Drivers/STM32F7xx_HAL_Driver/Src/stm32f7xx_hal_cortex.o
 .text.__NVIC_GetPriorityGrouping
                0x00000000080031f4       0x1c Drivers/STM32F7xx_HAL_Driver/Src/stm32f7xx_hal_cortex.o
 .text.__NVIC_EnableIRQ
                0x0000000008003210       0x3c Drivers/STM32F7xx_HAL_Driver/Src/stm32f7xx_hal_cortex.o
 .text.__NVIC_SetPriority
                0x000000000800324c       0x54 Drivers/STM32F7xx_HAL_Driver/Src/stm32f7xx_hal_cortex.o
 .text.NVIC_EncodePriority
                0x00000000080032a0       0x66 Drivers/STM32F7xx_HAL_Driver/Src/stm32f7xx_hal_cortex.o
 .text.HAL_NVIC_SetPriorityGrouping
                0x0000000008003306       0x16 Drivers/STM32F7xx_HAL_Driver/Src/stm32f7xx_hal_cortex.o
                0x0000000008003306                HAL_NVIC_SetPriorityGrouping
 .text.HAL_NVIC_SetPriority
                0x000000000800331c       0x38 Drivers/STM32F7xx_HAL_Driver/Src/stm32f7xx_hal_cortex.o
                0x000000000800331c                HAL_NVIC_SetPriority
 .text.HAL_NVIC_EnableIRQ
                0x0000000008003354       0x1c Drivers/STM32F7xx_HAL_Driver/Src/stm32f7xx_hal_cortex.o
                0x0000000008003354                HAL_NVIC_EnableIRQ
 .text.HAL_GPIO_Init
                0x0000000008003370      0x358 Drivers/STM32F7xx_HAL_Driver/Src/stm32f7xx_hal_gpio.o
                0x0000000008003370                HAL_GPIO_Init
 .text.HAL_GPIO_WritePin
                0x00000000080036c8       0x32 Drivers/STM32F7xx_HAL_Driver/Src/stm32f7xx_hal_gpio.o
                0x00000000080036c8                HAL_GPIO_WritePin
 *fill*         0x00000000080036fa        0x2 
 .text.HAL_PWREx_EnableOverDrive
                0x00000000080036fc       0xa0 Drivers/STM32F7xx_HAL_Driver/Src/stm32f7xx_hal_pwr_ex.o
                0x00000000080036fc                HAL_PWREx_EnableOverDrive
 .text.HAL_RCC_OscConfig
                0x000000000800379c      0x548 Drivers/STM32F7xx_HAL_Driver/Src/stm32f7xx_hal_rcc.o
                0x000000000800379c                HAL_RCC_OscConfig
 .text.HAL_RCC_ClockConfig
                0x0000000008003ce4      0x1d8 Drivers/STM32F7xx_HAL_Driver/Src/stm32f7xx_hal_rcc.o
                0x0000000008003ce4                HAL_RCC_ClockConfig
 .text.HAL_RCC_GetSysClockFreq
                0x0000000008003ebc      0x16c Drivers/STM32F7xx_HAL_Driver/Src/stm32f7xx_hal_rcc.o
                0x0000000008003ebc                HAL_RCC_GetSysClockFreq
 .text.HAL_RCC_GetHCLKFreq
                0x0000000008004028       0x18 Drivers/STM32F7xx_HAL_Driver/Src/stm32f7xx_hal_rcc.o
                0x0000000008004028                HAL_RCC_GetHCLKFreq
 .text.HAL_RCC_GetPCLK1Freq
                0x0000000008004040       0x28 Drivers/STM32F7xx_HAL_Driver/Src/stm32f7xx_hal_rcc.o
                0x0000000008004040                HAL_RCC_GetPCLK1Freq
 .text.HAL_RCC_GetClockConfig
                0x0000000008004068       0x64 Drivers/STM32F7xx_HAL_Driver/Src/stm32f7xx_hal_rcc.o
                0x0000000008004068                HAL_RCC_GetClockConfig
 .text.HAL_TIM_Base_Init
                0x00000000080040cc       0xae Drivers/STM32F7xx_HAL_Driver/Src/stm32f7xx_hal_tim.o
                0x00000000080040cc                HAL_TIM_Base_Init
 *fill*         0x000000000800417a        0x2 
 .text.HAL_TIM_Base_Start_IT
                0x000000000800417c       0xf0 Drivers/STM32F7xx_HAL_Driver/Src/stm32f7xx_hal_tim.o
                0x000000000800417c                HAL_TIM_Base_Start_IT
 .text.HAL_TIM_PWM_Init
                0x000000000800426c       0xae Drivers/STM32F7xx_HAL_Driver/Src/stm32f7xx_hal_tim.o
                0x000000000800426c                HAL_TIM_PWM_Init
 .text.HAL_TIM_PWM_MspInit
                0x000000000800431a       0x14 Drivers/STM32F7xx_HAL_Driver/Src/stm32f7xx_hal_tim.o
                0x000000000800431a                HAL_TIM_PWM_MspInit
 *fill*         0x000000000800432e        0x2 
 .text.HAL_TIM_PWM_Start
                0x0000000008004330      0x1f4 Drivers/STM32F7xx_HAL_Driver/Src/stm32f7xx_hal_tim.o
                0x0000000008004330                HAL_TIM_PWM_Start
 .text.HAL_TIM_IRQHandler
                0x0000000008004524      0x23e Drivers/STM32F7xx_HAL_Driver/Src/stm32f7xx_hal_tim.o
                0x0000000008004524                HAL_TIM_IRQHandler
 *fill*         0x0000000008004762        0x2 
 .text.HAL_TIM_PWM_ConfigChannel
                0x0000000008004764      0x220 Drivers/STM32F7xx_HAL_Driver/Src/stm32f7xx_hal_tim.o
                0x0000000008004764                HAL_TIM_PWM_ConfigChannel
 .text.HAL_TIM_ConfigClockSource
                0x0000000008004984      0x18c Drivers/STM32F7xx_HAL_Driver/Src/stm32f7xx_hal_tim.o
                0x0000000008004984                HAL_TIM_ConfigClockSource
 .text.HAL_TIM_OC_DelayElapsedCallback
                0x0000000008004b10       0x14 Drivers/STM32F7xx_HAL_Driver/Src/stm32f7xx_hal_tim.o
                0x0000000008004b10                HAL_TIM_OC_DelayElapsedCallback
 .text.HAL_TIM_IC_CaptureCallback
                0x0000000008004b24       0x14 Drivers/STM32F7xx_HAL_Driver/Src/stm32f7xx_hal_tim.o
                0x0000000008004b24                HAL_TIM_IC_CaptureCallback
 .text.HAL_TIM_PWM_PulseFinishedCallback
                0x0000000008004b38       0x14 Drivers/STM32F7xx_HAL_Driver/Src/stm32f7xx_hal_tim.o
                0x0000000008004b38                HAL_TIM_PWM_PulseFinishedCallback
 .text.HAL_TIM_TriggerCallback
                0x0000000008004b4c       0x14 Drivers/STM32F7xx_HAL_Driver/Src/stm32f7xx_hal_tim.o
                0x0000000008004b4c                HAL_TIM_TriggerCallback
 .text.TIM_Base_SetConfig
                0x0000000008004b60      0x140 Drivers/STM32F7xx_HAL_Driver/Src/stm32f7xx_hal_tim.o
                0x0000000008004b60                TIM_Base_SetConfig
 .text.TIM_OC1_SetConfig
                0x0000000008004ca0       0xe4 Drivers/STM32F7xx_HAL_Driver/Src/stm32f7xx_hal_tim.o
 .text.TIM_OC2_SetConfig
                0x0000000008004d84       0xf0 Drivers/STM32F7xx_HAL_Driver/Src/stm32f7xx_hal_tim.o
                0x0000000008004d84                TIM_OC2_SetConfig
 .text.TIM_OC3_SetConfig
                0x0000000008004e74       0xec Drivers/STM32F7xx_HAL_Driver/Src/stm32f7xx_hal_tim.o
 .text.TIM_OC4_SetConfig
                0x0000000008004f60       0xb0 Drivers/STM32F7xx_HAL_Driver/Src/stm32f7xx_hal_tim.o
 .text.TIM_OC5_SetConfig
                0x0000000008005010       0xa4 Drivers/STM32F7xx_HAL_Driver/Src/stm32f7xx_hal_tim.o
 .text.TIM_OC6_SetConfig
                0x00000000080050b4       0xa8 Drivers/STM32F7xx_HAL_Driver/Src/stm32f7xx_hal_tim.o
 .text.TIM_TI1_ConfigInputStage
                0x000000000800515c       0x5e Drivers/STM32F7xx_HAL_Driver/Src/stm32f7xx_hal_tim.o
 .text.TIM_TI2_ConfigInputStage
                0x00000000080051ba       0x60 Drivers/STM32F7xx_HAL_Driver/Src/stm32f7xx_hal_tim.o
 .text.TIM_ITRx_SetConfig
                0x000000000800521a       0x36 Drivers/STM32F7xx_HAL_Driver/Src/stm32f7xx_hal_tim.o
 .text.TIM_ETR_SetConfig
                0x0000000008005250       0x40 Drivers/STM32F7xx_HAL_Driver/Src/stm32f7xx_hal_tim.o
                0x0000000008005250                TIM_ETR_SetConfig
 .text.TIM_CCxChannelCmd
                0x0000000008005290       0x4a Drivers/STM32F7xx_HAL_Driver/Src/stm32f7xx_hal_tim.o
                0x0000000008005290                TIM_CCxChannelCmd
 *fill*         0x00000000080052da        0x2 
 .text.HAL_TIMEx_MasterConfigSynchronization
                0x00000000080052dc      0x11c Drivers/STM32F7xx_HAL_Driver/Src/stm32f7xx_hal_tim_ex.o
                0x00000000080052dc                HAL_TIMEx_MasterConfigSynchronization
 .text.HAL_TIMEx_ConfigBreakDeadTime
                0x00000000080053f8       0xfc Drivers/STM32F7xx_HAL_Driver/Src/stm32f7xx_hal_tim_ex.o
                0x00000000080053f8                HAL_TIMEx_ConfigBreakDeadTime
 .text.HAL_TIMEx_CommutCallback
                0x00000000080054f4       0x14 Drivers/STM32F7xx_HAL_Driver/Src/stm32f7xx_hal_tim_ex.o
                0x00000000080054f4                HAL_TIMEx_CommutCallback
 .text.HAL_TIMEx_BreakCallback
                0x0000000008005508       0x14 Drivers/STM32F7xx_HAL_Driver/Src/stm32f7xx_hal_tim_ex.o
                0x0000000008005508                HAL_TIMEx_BreakCallback
 .text.HAL_TIMEx_Break2Callback
                0x000000000800551c       0x14 Drivers/STM32F7xx_HAL_Driver/Src/stm32f7xx_hal_tim_ex.o
                0x000000000800551c                HAL_TIMEx_Break2Callback
 .text.makeFreeRtosPriority
                0x0000000008005530       0x30 Middlewares/Third_Party/FreeRTOS/Source/CMSIS_RTOS/cmsis_os.o
 .text.osKernelStart
                0x0000000008005560        0xe Middlewares/Third_Party/FreeRTOS/Source/CMSIS_RTOS/cmsis_os.o
                0x0000000008005560                osKernelStart
 .text.osThreadCreate
                0x000000000800556e       0x98 Middlewares/Third_Party/FreeRTOS/Source/CMSIS_RTOS/cmsis_os.o
                0x000000000800556e                osThreadCreate
 .text.osDelay  0x0000000008005606       0x28 Middlewares/Third_Party/FreeRTOS/Source/CMSIS_RTOS/cmsis_os.o
                0x0000000008005606                osDelay
 .text.vListInitialise
                0x000000000800562e       0x40 Middlewares/Third_Party/FreeRTOS/Source/list.o
                0x000000000800562e                vListInitialise
 .text.vListInitialiseItem
                0x000000000800566e       0x1a Middlewares/Third_Party/FreeRTOS/Source/list.o
                0x000000000800566e                vListInitialiseItem
 .text.vListInsertEnd
                0x0000000008005688       0x48 Middlewares/Third_Party/FreeRTOS/Source/list.o
                0x0000000008005688                vListInsertEnd
 .text.vListInsert
                0x00000000080056d0       0x72 Middlewares/Third_Party/FreeRTOS/Source/list.o
                0x00000000080056d0                vListInsert
 .text.uxListRemove
                0x0000000008005742       0x54 Middlewares/Third_Party/FreeRTOS/Source/list.o
                0x0000000008005742                uxListRemove
 .text.xTaskCreateStatic
                0x0000000008005796       0xc6 Middlewares/Third_Party/FreeRTOS/Source/tasks.o
                0x0000000008005796                xTaskCreateStatic
 .text.xTaskCreate
                0x000000000800585c       0x8a Middlewares/Third_Party/FreeRTOS/Source/tasks.o
                0x000000000800585c                xTaskCreate
 .text.prvInitialiseNewTask
                0x00000000080058e6      0x112 Middlewares/Third_Party/FreeRTOS/Source/tasks.o
 .text.prvAddNewTaskToReadyList
                0x00000000080059f8       0xd4 Middlewares/Third_Party/FreeRTOS/Source/tasks.o
 .text.vTaskDelay
                0x0000000008005acc       0x6c Middlewares/Third_Party/FreeRTOS/Source/tasks.o
                0x0000000008005acc                vTaskDelay
 .text.vTaskStartScheduler
                0x0000000008005b38       0xc8 Middlewares/Third_Party/FreeRTOS/Source/tasks.o
                0x0000000008005b38                vTaskStartScheduler
 .text.vTaskSuspendAll
                0x0000000008005c00       0x1c Middlewares/Third_Party/FreeRTOS/Source/tasks.o
                0x0000000008005c00                vTaskSuspendAll
 .text.xTaskResumeAll
                0x0000000008005c1c      0x13c Middlewares/Third_Party/FreeRTOS/Source/tasks.o
                0x0000000008005c1c                xTaskResumeAll
 .text.xTaskIncrementTick
                0x0000000008005d58      0x174 Middlewares/Third_Party/FreeRTOS/Source/tasks.o
                0x0000000008005d58                xTaskIncrementTick
 .text.vTaskSwitchContext
                0x0000000008005ecc       0xbc Middlewares/Third_Party/FreeRTOS/Source/tasks.o
                0x0000000008005ecc                vTaskSwitchContext
 .text.prvIdleTask
                0x0000000008005f88       0x30 Middlewares/Third_Party/FreeRTOS/Source/tasks.o
 .text.prvInitialiseTaskLists
                0x0000000008005fb8       0x80 Middlewares/Third_Party/FreeRTOS/Source/tasks.o
 .text.prvCheckTasksWaitingTermination
                0x0000000008006038       0x5c Middlewares/Third_Party/FreeRTOS/Source/tasks.o
 .text.prvDeleteTCB
                0x0000000008006094       0x62 Middlewares/Third_Party/FreeRTOS/Source/tasks.o
 *fill*         0x00000000080060f6        0x2 
 .text.prvResetNextTaskUnblockTime
                0x00000000080060f8       0x40 Middlewares/Third_Party/FreeRTOS/Source/tasks.o
 .text.prvAddCurrentTaskToDelayedList
                0x0000000008006138       0xcc Middlewares/Third_Party/FreeRTOS/Source/tasks.o
 .text.pxPortInitialiseStack
                0x0000000008006204       0x68 Middlewares/Third_Party/FreeRTOS/Source/portable/GCC/ARM_CM7/r0p1/port.o
                0x0000000008006204                pxPortInitialiseStack
 .text.prvTaskExitError
                0x000000000800626c       0x60 Middlewares/Third_Party/FreeRTOS/Source/portable/GCC/ARM_CM7/r0p1/port.o
 *fill*         0x00000000080062cc        0x4 
 .text.SVC_Handler
                0x00000000080062d0       0x28 Middlewares/Third_Party/FreeRTOS/Source/portable/GCC/ARM_CM7/r0p1/port.o
                0x00000000080062d0                SVC_Handler
 .text.prvPortStartFirstTask
                0x00000000080062f8       0x28 Middlewares/Third_Party/FreeRTOS/Source/portable/GCC/ARM_CM7/r0p1/port.o
 .text.xPortStartScheduler
                0x0000000008006320       0xfc Middlewares/Third_Party/FreeRTOS/Source/portable/GCC/ARM_CM7/r0p1/port.o
                0x0000000008006320                xPortStartScheduler
 .text.vPortEnterCritical
                0x000000000800641c       0x68 Middlewares/Third_Party/FreeRTOS/Source/portable/GCC/ARM_CM7/r0p1/port.o
                0x000000000800641c                vPortEnterCritical
 .text.vPortExitCritical
                0x0000000008006484       0x58 Middlewares/Third_Party/FreeRTOS/Source/portable/GCC/ARM_CM7/r0p1/port.o
                0x0000000008006484                vPortExitCritical
 *fill*         0x00000000080064dc        0x4 
 .text.PendSV_Handler
                0x00000000080064e0       0x68 Middlewares/Third_Party/FreeRTOS/Source/portable/GCC/ARM_CM7/r0p1/port.o
                0x00000000080064e0                PendSV_Handler
 .text.SysTick_Handler
                0x0000000008006548       0x48 Middlewares/Third_Party/FreeRTOS/Source/portable/GCC/ARM_CM7/r0p1/port.o
                0x0000000008006548                SysTick_Handler
 .text.vPortSetupTimerInterrupt
                0x0000000008006590       0x48 Middlewares/Third_Party/FreeRTOS/Source/portable/GCC/ARM_CM7/r0p1/port.o
                0x0000000008006590                vPortSetupTimerInterrupt
 .text.vPortEnableVFP
                0x00000000080065d8       0x14 Middlewares/Third_Party/FreeRTOS/Source/portable/GCC/ARM_CM7/r0p1/port.o
 .text.pvPortMalloc
                0x00000000080065ec      0x194 Middlewares/Third_Party/FreeRTOS/Source/portable/MemMang/heap_4.o
                0x00000000080065ec                pvPortMalloc
 .text.vPortFree
                0x0000000008006780       0xbc Middlewares/Third_Party/FreeRTOS/Source/portable/MemMang/heap_4.o
                0x0000000008006780                vPortFree
 .text.prvHeapInit
                0x000000000800683c       0xc4 Middlewares/Third_Party/FreeRTOS/Source/portable/MemMang/heap_4.o
 .text.prvInsertBlockIntoFreeList
                0x0000000008006900       0xb4 Middlewares/Third_Party/FreeRTOS/Source/portable/MemMang/heap_4.o
 .text.__libc_init_array
                0x00000000080069b4       0x48 c:/st/stm32cubeide_1.6.1/stm32cubeide/plugins/com.st.stm32cube.ide.mcu.externaltools.gnu-tools-for-stm32.9-2020-q2-update.win32_1.5.0.202011040924/tools/bin/../lib/gcc/arm-none-eabi/9.3.1/../../../../arm-none-eabi/lib/thumb/v7e-m+fp/hard\libc_nano.a(lib_a-init.o)
                0x00000000080069b4                __libc_init_array
 .text.memset   0x00000000080069fc       0x10 c:/st/stm32cubeide_1.6.1/stm32cubeide/plugins/com.st.stm32cube.ide.mcu.externaltools.gnu-tools-for-stm32.9-2020-q2-update.win32_1.5.0.202011040924/tools/bin/../lib/gcc/arm-none-eabi/9.3.1/../../../../arm-none-eabi/lib/thumb/v7e-m+fp/hard\libc_nano.a(lib_a-memset.o)
                0x00000000080069fc                memset
 *(.glue_7)
 .glue_7        0x0000000008006a0c        0x0 linker stubs
 *(.glue_7t)
 .glue_7t       0x0000000008006a0c        0x0 linker stubs
 *(.eh_frame)
 .eh_frame      0x0000000008006a0c        0x0 c:/st/stm32cubeide_1.6.1/stm32cubeide/plugins/com.st.stm32cube.ide.mcu.externaltools.gnu-tools-for-stm32.9-2020-q2-update.win32_1.5.0.202011040924/tools/bin/../lib/gcc/arm-none-eabi/9.3.1/thumb/v7e-m+fp/hard/crtbegin.o
 *(.init)
 .init          0x0000000008006a0c        0x4 c:/st/stm32cubeide_1.6.1/stm32cubeide/plugins/com.st.stm32cube.ide.mcu.externaltools.gnu-tools-for-stm32.9-2020-q2-update.win32_1.5.0.202011040924/tools/bin/../lib/gcc/arm-none-eabi/9.3.1/thumb/v7e-m+fp/hard/crti.o
                0x0000000008006a0c                _init
 .init          0x0000000008006a10        0x8 c:/st/stm32cubeide_1.6.1/stm32cubeide/plugins/com.st.stm32cube.ide.mcu.externaltools.gnu-tools-for-stm32.9-2020-q2-update.win32_1.5.0.202011040924/tools/bin/../lib/gcc/arm-none-eabi/9.3.1/thumb/v7e-m+fp/hard/crtn.o
 *(.fini)
 .fini          0x0000000008006a18        0x4 c:/st/stm32cubeide_1.6.1/stm32cubeide/plugins/com.st.stm32cube.ide.mcu.externaltools.gnu-tools-for-stm32.9-2020-q2-update.win32_1.5.0.202011040924/tools/bin/../lib/gcc/arm-none-eabi/9.3.1/thumb/v7e-m+fp/hard/crti.o
                0x0000000008006a18                _fini
 .fini          0x0000000008006a1c        0x8 c:/st/stm32cubeide_1.6.1/stm32cubeide/plugins/com.st.stm32cube.ide.mcu.externaltools.gnu-tools-for-stm32.9-2020-q2-update.win32_1.5.0.202011040924/tools/bin/../lib/gcc/arm-none-eabi/9.3.1/thumb/v7e-m+fp/hard/crtn.o
                0x0000000008006a24                . = ALIGN (0x4)
                0x0000000008006a24                _etext = .

.vfp11_veneer   0x0000000008006a24        0x0
 .vfp11_veneer  0x0000000008006a24        0x0 linker stubs

.v4_bx          0x0000000008006a24        0x0
 .v4_bx         0x0000000008006a24        0x0 linker stubs

.iplt           0x0000000008006a24        0x0
 .iplt          0x0000000008006a24        0x0 c:/st/stm32cubeide_1.6.1/stm32cubeide/plugins/com.st.stm32cube.ide.mcu.externaltools.gnu-tools-for-stm32.9-2020-q2-update.win32_1.5.0.202011040924/tools/bin/../lib/gcc/arm-none-eabi/9.3.1/thumb/v7e-m+fp/hard/crtbegin.o

.rodata         0x0000000008006a24       0x84
                0x0000000008006a24                . = ALIGN (0x4)
 *(.rodata)
 .rodata        0x0000000008006a24       0x64 Core/Src/main.o
 .rodata        0x0000000008006a88        0x5 Middlewares/Third_Party/FreeRTOS/Source/tasks.o
 *(.rodata*)
 *fill*         0x0000000008006a8d        0x3 
 .rodata.AHBPrescTable
                0x0000000008006a90       0x10 Core/Src/system_stm32f7xx.o
                0x0000000008006a90                AHBPrescTable
 .rodata.APBPrescTable
                0x0000000008006aa0        0x8 Core/Src/system_stm32f7xx.o
                0x0000000008006aa0                APBPrescTable
                0x0000000008006aa8                . = ALIGN (0x4)

.ARM.extab      0x0000000008006aa8        0x0
                0x0000000008006aa8                . = ALIGN (0x4)
 *(.ARM.extab* .gnu.linkonce.armextab.*)
                0x0000000008006aa8                . = ALIGN (0x4)

.ARM            0x0000000008006aa8        0x8
                0x0000000008006aa8                . = ALIGN (0x4)
                0x0000000008006aa8                __exidx_start = .
 *(.ARM.exidx*)
 .ARM.exidx     0x0000000008006aa8        0x8 c:/st/stm32cubeide_1.6.1/stm32cubeide/plugins/com.st.stm32cube.ide.mcu.externaltools.gnu-tools-for-stm32.9-2020-q2-update.win32_1.5.0.202011040924/tools/bin/../lib/gcc/arm-none-eabi/9.3.1/thumb/v7e-m+fp/hard\libgcc.a(_udivmoddi4.o)
                0x0000000008006ab0                __exidx_end = .
                0x0000000008006ab0                . = ALIGN (0x4)

.rel.dyn        0x0000000008006ab0        0x0
 .rel.iplt      0x0000000008006ab0        0x0 c:/st/stm32cubeide_1.6.1/stm32cubeide/plugins/com.st.stm32cube.ide.mcu.externaltools.gnu-tools-for-stm32.9-2020-q2-update.win32_1.5.0.202011040924/tools/bin/../lib/gcc/arm-none-eabi/9.3.1/thumb/v7e-m+fp/hard/crtbegin.o

.preinit_array  0x0000000008006ab0        0x0
                0x0000000008006ab0                . = ALIGN (0x4)
                0x0000000008006ab0                PROVIDE (__preinit_array_start = .)
 *(.preinit_array*)
                0x0000000008006ab0                PROVIDE (__preinit_array_end = .)
                0x0000000008006ab0                . = ALIGN (0x4)

.init_array     0x0000000008006ab0        0x4
                0x0000000008006ab0                . = ALIGN (0x4)
                0x0000000008006ab0                PROVIDE (__init_array_start = .)
 *(SORT_BY_NAME(.init_array.*))
 *(.init_array*)
 .init_array    0x0000000008006ab0        0x4 c:/st/stm32cubeide_1.6.1/stm32cubeide/plugins/com.st.stm32cube.ide.mcu.externaltools.gnu-tools-for-stm32.9-2020-q2-update.win32_1.5.0.202011040924/tools/bin/../lib/gcc/arm-none-eabi/9.3.1/thumb/v7e-m+fp/hard/crtbegin.o
                0x0000000008006ab4                PROVIDE (__init_array_end = .)
                0x0000000008006ab4                . = ALIGN (0x4)

.fini_array     0x0000000008006ab4        0x4
                0x0000000008006ab4                . = ALIGN (0x4)
                [!provide]                        PROVIDE (__fini_array_start = .)
 *(SORT_BY_NAME(.fini_array.*))
 *(.fini_array*)
 .fini_array    0x0000000008006ab4        0x4 c:/st/stm32cubeide_1.6.1/stm32cubeide/plugins/com.st.stm32cube.ide.mcu.externaltools.gnu-tools-for-stm32.9-2020-q2-update.win32_1.5.0.202011040924/tools/bin/../lib/gcc/arm-none-eabi/9.3.1/thumb/v7e-m+fp/hard/crtbegin.o
                [!provide]                        PROVIDE (__fini_array_end = .)
                0x0000000008006ab8                . = ALIGN (0x4)
                0x0000000008006ab8                _sidata = LOADADDR (.data)

.data           0x0000000020000000      0x100 load address 0x0000000008006ab8
                0x0000000020000000                . = ALIGN (0x4)
                0x0000000020000000                _sdata = .
 *(.data)
 *(.data*)
 .data.data_channels
                0x0000000020000000       0x14 Core/Src/acm_GO422.o
                0x0000000020000000                data_channels
 .data.high_rear_angle
                0x0000000020000014        0x1 Core/Src/acm_GO422.o
                0x0000000020000014                high_rear_angle
 .data.mid_high_rear_angle
                0x0000000020000015        0x1 Core/Src/acm_GO422.o
                0x0000000020000015                mid_high_rear_angle
 .data.mid_low_rear_angle
                0x0000000020000016        0x1 Core/Src/acm_GO422.o
                0x0000000020000016                mid_low_rear_angle
 .data.err_drs  0x0000000020000017        0x1 Core/Src/acm_GO422.o
                0x0000000020000017                err_drs
 .data.high_front_angle
                0x0000000020000018        0x1 Core/Src/acm_GO422.o
                0x0000000020000018                high_front_angle
 .data.mid_high_front_angle
                0x0000000020000019        0x1 Core/Src/acm_GO422.o
                0x0000000020000019                mid_high_front_angle
 .data.mid_low_front_angle
                0x000000002000001a        0x1 Core/Src/acm_GO422.o
                0x000000002000001a                mid_low_front_angle
 *fill*         0x000000002000001b        0x1 
 .data.channels
                0x000000002000001c        0xc Core/Src/acm_GO422.o
                0x000000002000001c                channels
 .data.SystemCoreClock
                0x0000000020000028        0x4 Core/Src/system_stm32f7xx.o
                0x0000000020000028                SystemCoreClock
 .data.all_parameter_structs
                0x000000002000002c       0xc8 Core/gophercan-lib/GopherCAN_ids.o
                0x000000002000002c                all_parameter_structs
 .data.uwTickPrio
                0x00000000200000f4        0x4 Drivers/STM32F7xx_HAL_Driver/Src/stm32f7xx_hal.o
                0x00000000200000f4                uwTickPrio
 .data.uwTickFreq
                0x00000000200000f8        0x1 Drivers/STM32F7xx_HAL_Driver/Src/stm32f7xx_hal.o
                0x00000000200000f8                uwTickFreq
 *fill*         0x00000000200000f9        0x3 
 .data.uxCriticalNesting
                0x00000000200000fc        0x4 Middlewares/Third_Party/FreeRTOS/Source/portable/GCC/ARM_CM7/r0p1/port.o
 *(.RamFunc)
 *(.RamFunc*)
                0x0000000020000100                . = ALIGN (0x4)
                0x0000000020000100                _edata = .

.igot.plt       0x0000000020000100        0x0 load address 0x0000000008006bb8
 .igot.plt      0x0000000020000100        0x0 c:/st/stm32cubeide_1.6.1/stm32cubeide/plugins/com.st.stm32cube.ide.mcu.externaltools.gnu-tools-for-stm32.9-2020-q2-update.win32_1.5.0.202011040924/tools/bin/../lib/gcc/arm-none-eabi/9.3.1/thumb/v7e-m+fp/hard/crtbegin.o
                0x0000000020000100                . = ALIGN (0x4)

.bss            0x0000000020000100     0x4aa4 load address 0x0000000008006bb8
                0x0000000020000100                _sbss = .
                0x0000000020000100                __bss_start__ = _sbss
 *(.bss)
 .bss           0x0000000020000100       0x1c c:/st/stm32cubeide_1.6.1/stm32cubeide/plugins/com.st.stm32cube.ide.mcu.externaltools.gnu-tools-for-stm32.9-2020-q2-update.win32_1.5.0.202011040924/tools/bin/../lib/gcc/arm-none-eabi/9.3.1/thumb/v7e-m+fp/hard/crtbegin.o
 *(.bss*)
 .bss.low_rear_angle
                0x000000002000011c        0x1 Core/Src/acm_GO422.o
                0x000000002000011c                low_rear_angle
 .bss.low_front_angle
                0x000000002000011d        0x1 Core/Src/acm_GO422.o
                0x000000002000011d                low_front_angle
 *fill*         0x000000002000011e        0x2 
 .bss.xIdleTaskTCBBuffer
                0x0000000020000120       0x54 Core/Src/freertos.o
 .bss.xIdleStack
                0x0000000020000174      0x400 Core/Src/freertos.o
 .bss.hcan_error
                0x0000000020000574        0x4 Core/gophercan-lib/GopherCAN.o
                0x0000000020000574                hcan_error
 .bss.pxCurrentTCB
                0x0000000020000578        0x4 Middlewares/Third_Party/FreeRTOS/Source/tasks.o
                0x0000000020000578                pxCurrentTCB
 .bss.pxReadyTasksLists
                0x000000002000057c       0x8c Middlewares/Third_Party/FreeRTOS/Source/tasks.o
 .bss.xDelayedTaskList1
                0x0000000020000608       0x14 Middlewares/Third_Party/FreeRTOS/Source/tasks.o
 .bss.xDelayedTaskList2
                0x000000002000061c       0x14 Middlewares/Third_Party/FreeRTOS/Source/tasks.o
 .bss.pxDelayedTaskList
                0x0000000020000630        0x4 Middlewares/Third_Party/FreeRTOS/Source/tasks.o
 .bss.pxOverflowDelayedTaskList
                0x0000000020000634        0x4 Middlewares/Third_Party/FreeRTOS/Source/tasks.o
 .bss.xPendingReadyList
                0x0000000020000638       0x14 Middlewares/Third_Party/FreeRTOS/Source/tasks.o
 .bss.xTasksWaitingTermination
                0x000000002000064c       0x14 Middlewares/Third_Party/FreeRTOS/Source/tasks.o
 .bss.uxDeletedTasksWaitingCleanUp
                0x0000000020000660        0x4 Middlewares/Third_Party/FreeRTOS/Source/tasks.o
 .bss.xSuspendedTaskList
                0x0000000020000664       0x14 Middlewares/Third_Party/FreeRTOS/Source/tasks.o
 .bss.uxCurrentNumberOfTasks
                0x0000000020000678        0x4 Middlewares/Third_Party/FreeRTOS/Source/tasks.o
 .bss.xTickCount
                0x000000002000067c        0x4 Middlewares/Third_Party/FreeRTOS/Source/tasks.o
 .bss.uxTopReadyPriority
                0x0000000020000680        0x4 Middlewares/Third_Party/FreeRTOS/Source/tasks.o
 .bss.xSchedulerRunning
                0x0000000020000684        0x4 Middlewares/Third_Party/FreeRTOS/Source/tasks.o
 .bss.uxPendedTicks
                0x0000000020000688        0x4 Middlewares/Third_Party/FreeRTOS/Source/tasks.o
 .bss.xYieldPending
                0x000000002000068c        0x4 Middlewares/Third_Party/FreeRTOS/Source/tasks.o
 .bss.xNumOfOverflows
                0x0000000020000690        0x4 Middlewares/Third_Party/FreeRTOS/Source/tasks.o
 .bss.uxTaskNumber
                0x0000000020000694        0x4 Middlewares/Third_Party/FreeRTOS/Source/tasks.o
 .bss.xNextTaskUnblockTime
                0x0000000020000698        0x4 Middlewares/Third_Party/FreeRTOS/Source/tasks.o
 .bss.xIdleTaskHandle
                0x000000002000069c        0x4 Middlewares/Third_Party/FreeRTOS/Source/tasks.o
 .bss.uxSchedulerSuspended
                0x00000000200006a0        0x4 Middlewares/Third_Party/FreeRTOS/Source/tasks.o
 .bss.ucMaxSysCallPriority
                0x00000000200006a4        0x1 Middlewares/Third_Party/FreeRTOS/Source/portable/GCC/ARM_CM7/r0p1/port.o
 *fill*         0x00000000200006a5        0x3 
 .bss.ulMaxPRIGROUPValue
                0x00000000200006a8        0x4 Middlewares/Third_Party/FreeRTOS/Source/portable/GCC/ARM_CM7/r0p1/port.o
 .bss.ucHeap    0x00000000200006ac     0x3c00 Middlewares/Third_Party/FreeRTOS/Source/portable/MemMang/heap_4.o
 .bss.xStart    0x00000000200042ac        0x8 Middlewares/Third_Party/FreeRTOS/Source/portable/MemMang/heap_4.o
 .bss.pxEnd     0x00000000200042b4        0x4 Middlewares/Third_Party/FreeRTOS/Source/portable/MemMang/heap_4.o
 .bss.xFreeBytesRemaining
                0x00000000200042b8        0x4 Middlewares/Third_Party/FreeRTOS/Source/portable/MemMang/heap_4.o
 .bss.xMinimumEverFreeBytesRemaining
                0x00000000200042bc        0x4 Middlewares/Third_Party/FreeRTOS/Source/portable/MemMang/heap_4.o
 .bss.xBlockAllocatedBit
                0x00000000200042c0        0x4 Middlewares/Third_Party/FreeRTOS/Source/portable/MemMang/heap_4.o
 *(COMMON)
 COMMON         0x00000000200042c4       0x44 Core/Src/acm_GO422.o
                0x00000000200042c4                data_channel_1
                0x00000000200042d8                last_button_state
                0x00000000200042dc                data_channel_3
                0x00000000200042f0                data_channel_2
                0x0000000020004304                acm_hcan
 COMMON         0x0000000020004308      0x164 Core/Src/main.o
                0x0000000020004308                channel_structs
                0x0000000020004314                htim8
                0x0000000020004360                taskGCAN_HardwaHandle
                0x0000000020004364                taskMain_LoopHandle
                0x0000000020004368                hadc1
                0x00000000200043b0                hadc3
                0x00000000200043f8                htim2
                0x0000000020004444                hcan1
 COMMON         0x000000002000446c       0x4c Core/Src/stm32f7xx_hal_timebase_tim.o
                0x000000002000446c                htim6
 COMMON         0x00000000200044b8      0x489 Core/gophercan-lib/GopherCAN.o
                0x00000000200044b8                last_error
                0x00000000200044c4                rx_buffer_mem
                0x00000000200046c4                rx_buffer
                0x00000000200046cc                tx_buffer_mem
                0x00000000200048cc                tx_buffer
                0x00000000200048d4                cust_funcs
                0x0000000020004940                this_module_id
 *fill*         0x0000000020004941        0x7 
 COMMON         0x0000000020004948      0x258 Core/gophercan-lib/GopherCAN_ids.o
                0x0000000020004948                u8_tester
                0x0000000020004950                adc2_tester_2
                0x000000002000495c                adc3_tester_5
                0x0000000020004968                adc1_tester_1
                0x0000000020004974                example_new_param
                0x0000000020004980                float_tester_3
                0x000000002000498c                yaw_rate
                0x0000000020004998                adc2_tester_5
                0x00000000200049a4                float_tester_2
                0x00000000200049b0                can_command
                0x00000000200049b8                adc1_tester_6
                0x00000000200049c4                adc1_tester_2
                0x00000000200049d0                adc2_tester_1
                0x00000000200049dc                adc2_tester_6
                0x00000000200049e8                adc2_tester_0
                0x00000000200049f8                u64_tester
                0x0000000020004a08                adc3_tester_9
                0x0000000020004a14                adc3_tester_11
                0x0000000020004a20                fan_current
                0x0000000020004a28                float_tester_7
                0x0000000020004a34                s32_tester
                0x0000000020004a40                adc2_tester_4
                0x0000000020004a4c                adc3_tester_1
                0x0000000020004a58                float_tester_4
                0x0000000020004a64                u16_tester
                0x0000000020004a70                adc1_tester_0
                0x0000000020004a7c                adc1_tester_3
                0x0000000020004a88                s16_tester
                0x0000000020004a94                rpm
                0x0000000020004aa0                adc3_tester_2
                0x0000000020004aac                float_tester_6
                0x0000000020004ab8                steering_anglels
                0x0000000020004ac4                u32_tester
                0x0000000020004ad0                throttle_position
                0x0000000020004adc                brake_pressure
                0x0000000020004ae8                float_tester
                0x0000000020004af4                adc3_tester_3
                0x0000000020004b00                adc1_tester_4
                0x0000000020004b10                s64_tester
                0x0000000020004b20                adc1_tester_5
                0x0000000020004b2c                adc2_tester_3
                0x0000000020004b38                adc3_tester_0
                0x0000000020004b44                adc3_tester_7
                0x0000000020004b50                adc3_tester_8
                0x0000000020004b5c                s8_tester
                0x0000000020004b64                adc3_tester_6
                0x0000000020004b70                adc3_tester_4
                0x0000000020004b7c                acceleration
                0x0000000020004b88                float_tester_5
                0x0000000020004b94                adc3_tester_10
 COMMON         0x0000000020004ba0        0x4 Drivers/STM32F7xx_HAL_Driver/Src/stm32f7xx_hal.o
                0x0000000020004ba0                uwTick
                0x0000000020004ba4                . = ALIGN (0x4)
                0x0000000020004ba4                _ebss = .
                0x0000000020004ba4                __bss_end__ = _ebss

._user_heap_stack
                0x0000000020004ba4      0x604 load address 0x0000000008006bb8
                0x0000000020004ba8                . = ALIGN (0x8)
 *fill*         0x0000000020004ba4        0x4 
                [!provide]                        PROVIDE (end = .)
                0x0000000020004ba8                PROVIDE (_end = .)
                0x0000000020004da8                . = (. + _Min_Heap_Size)
 *fill*         0x0000000020004ba8      0x200 
                0x00000000200051a8                . = (. + _Min_Stack_Size)
 *fill*         0x0000000020004da8      0x400 
                0x00000000200051a8                . = ALIGN (0x8)

/DISCARD/
 libc.a(*)
 libm.a(*)
 libgcc.a(*)

.ARM.attributes
                0x0000000000000000       0x30
 *(.ARM.attributes)
 .ARM.attributes
                0x0000000000000000       0x1e c:/st/stm32cubeide_1.6.1/stm32cubeide/plugins/com.st.stm32cube.ide.mcu.externaltools.gnu-tools-for-stm32.9-2020-q2-update.win32_1.5.0.202011040924/tools/bin/../lib/gcc/arm-none-eabi/9.3.1/thumb/v7e-m+fp/hard/crti.o
 .ARM.attributes
                0x000000000000001e       0x34 c:/st/stm32cubeide_1.6.1/stm32cubeide/plugins/com.st.stm32cube.ide.mcu.externaltools.gnu-tools-for-stm32.9-2020-q2-update.win32_1.5.0.202011040924/tools/bin/../lib/gcc/arm-none-eabi/9.3.1/thumb/v7e-m+fp/hard/crtbegin.o
 .ARM.attributes
                0x0000000000000052       0x34 Core/Src/acm_GO422.o
 .ARM.attributes
                0x0000000000000086       0x34 Core/Src/freertos.o
 .ARM.attributes
                0x00000000000000ba       0x34 Core/Src/main.o
 .ARM.attributes
                0x00000000000000ee       0x34 Core/Src/stm32f7xx_hal_msp.o
 .ARM.attributes
                0x0000000000000122       0x34 Core/Src/stm32f7xx_hal_timebase_tim.o
 .ARM.attributes
                0x0000000000000156       0x34 Core/Src/stm32f7xx_it.o
 .ARM.attributes
                0x000000000000018a       0x34 Core/Src/system_stm32f7xx.o
 .ARM.attributes
                0x00000000000001be       0x21 Core/Startup/startup_stm32f756zgtx.o
 .ARM.attributes
                0x00000000000001df       0x34 Core/gophercan-lib/GopherCAN.o
 .ARM.attributes
                0x0000000000000213       0x39 Core/gophercan-lib/GopherCAN_ids.o
 .ARM.attributes
                0x000000000000024c       0x34 Core/gophercan-lib/GopherCAN_ring_buffer.o
 .ARM.attributes
                0x0000000000000280       0x34 Drivers/STM32F7xx_HAL_Driver/Src/stm32f7xx_hal.o
 .ARM.attributes
                0x00000000000002b4       0x34 Drivers/STM32F7xx_HAL_Driver/Src/stm32f7xx_hal_adc.o
 .ARM.attributes
                0x00000000000002e8       0x34 Drivers/STM32F7xx_HAL_Driver/Src/stm32f7xx_hal_can.o
 .ARM.attributes
                0x000000000000031c       0x34 Drivers/STM32F7xx_HAL_Driver/Src/stm32f7xx_hal_cortex.o
 .ARM.attributes
                0x0000000000000350       0x34 Drivers/STM32F7xx_HAL_Driver/Src/stm32f7xx_hal_gpio.o
 .ARM.attributes
                0x0000000000000384       0x34 Drivers/STM32F7xx_HAL_Driver/Src/stm32f7xx_hal_pwr_ex.o
 .ARM.attributes
                0x00000000000003b8       0x34 Drivers/STM32F7xx_HAL_Driver/Src/stm32f7xx_hal_rcc.o
 .ARM.attributes
                0x00000000000003ec       0x34 Drivers/STM32F7xx_HAL_Driver/Src/stm32f7xx_hal_tim.o
 .ARM.attributes
                0x0000000000000420       0x34 Drivers/STM32F7xx_HAL_Driver/Src/stm32f7xx_hal_tim_ex.o
 .ARM.attributes
                0x0000000000000454       0x34 Middlewares/Third_Party/FreeRTOS/Source/CMSIS_RTOS/cmsis_os.o
 .ARM.attributes
                0x0000000000000488       0x34 Middlewares/Third_Party/FreeRTOS/Source/list.o
 .ARM.attributes
                0x00000000000004bc       0x34 Middlewares/Third_Party/FreeRTOS/Source/tasks.o
 .ARM.attributes
                0x00000000000004f0       0x34 Middlewares/Third_Party/FreeRTOS/Source/portable/GCC/ARM_CM7/r0p1/port.o
 .ARM.attributes
                0x0000000000000524       0x34 Middlewares/Third_Party/FreeRTOS/Source/portable/MemMang/heap_4.o
 .ARM.attributes
                0x0000000000000558       0x34 c:/st/stm32cubeide_1.6.1/stm32cubeide/plugins/com.st.stm32cube.ide.mcu.externaltools.gnu-tools-for-stm32.9-2020-q2-update.win32_1.5.0.202011040924/tools/bin/../lib/gcc/arm-none-eabi/9.3.1/../../../../arm-none-eabi/lib/thumb/v7e-m+fp/hard\libc_nano.a(lib_a-init.o)
 .ARM.attributes
                0x000000000000058c       0x34 c:/st/stm32cubeide_1.6.1/stm32cubeide/plugins/com.st.stm32cube.ide.mcu.externaltools.gnu-tools-for-stm32.9-2020-q2-update.win32_1.5.0.202011040924/tools/bin/../lib/gcc/arm-none-eabi/9.3.1/../../../../arm-none-eabi/lib/thumb/v7e-m+fp/hard\libc_nano.a(lib_a-memset.o)
 .ARM.attributes
                0x00000000000005c0       0x1e c:/st/stm32cubeide_1.6.1/stm32cubeide/plugins/com.st.stm32cube.ide.mcu.externaltools.gnu-tools-for-stm32.9-2020-q2-update.win32_1.5.0.202011040924/tools/bin/../lib/gcc/arm-none-eabi/9.3.1/thumb/v7e-m+fp/hard\libgcc.a(_aeabi_uldivmod.o)
 .ARM.attributes
                0x00000000000005de       0x34 c:/st/stm32cubeide_1.6.1/stm32cubeide/plugins/com.st.stm32cube.ide.mcu.externaltools.gnu-tools-for-stm32.9-2020-q2-update.win32_1.5.0.202011040924/tools/bin/../lib/gcc/arm-none-eabi/9.3.1/thumb/v7e-m+fp/hard\libgcc.a(_udivmoddi4.o)
 .ARM.attributes
                0x0000000000000612       0x1e c:/st/stm32cubeide_1.6.1/stm32cubeide/plugins/com.st.stm32cube.ide.mcu.externaltools.gnu-tools-for-stm32.9-2020-q2-update.win32_1.5.0.202011040924/tools/bin/../lib/gcc/arm-none-eabi/9.3.1/thumb/v7e-m+fp/hard\libgcc.a(_dvmd_tls.o)
 .ARM.attributes
                0x0000000000000630       0x1e c:/st/stm32cubeide_1.6.1/stm32cubeide/plugins/com.st.stm32cube.ide.mcu.externaltools.gnu-tools-for-stm32.9-2020-q2-update.win32_1.5.0.202011040924/tools/bin/../lib/gcc/arm-none-eabi/9.3.1/thumb/v7e-m+fp/hard/crtn.o
OUTPUT(acm_GO422.elf elf32-littlearm)
LOAD linker stubs
LOAD c:/st/stm32cubeide_1.6.1/stm32cubeide/plugins/com.st.stm32cube.ide.mcu.externaltools.gnu-tools-for-stm32.9-2020-q2-update.win32_1.5.0.202011040924/tools/bin/../lib/gcc/arm-none-eabi/9.3.1/../../../../arm-none-eabi/lib/thumb/v7e-m+fp/hard\libc.a
LOAD c:/st/stm32cubeide_1.6.1/stm32cubeide/plugins/com.st.stm32cube.ide.mcu.externaltools.gnu-tools-for-stm32.9-2020-q2-update.win32_1.5.0.202011040924/tools/bin/../lib/gcc/arm-none-eabi/9.3.1/../../../../arm-none-eabi/lib/thumb/v7e-m+fp/hard\libm.a
LOAD c:/st/stm32cubeide_1.6.1/stm32cubeide/plugins/com.st.stm32cube.ide.mcu.externaltools.gnu-tools-for-stm32.9-2020-q2-update.win32_1.5.0.202011040924/tools/bin/../lib/gcc/arm-none-eabi/9.3.1/thumb/v7e-m+fp/hard\libgcc.a

.debug_info     0x0000000000000000    0x19ce4
 .debug_info    0x0000000000000000     0x1b60 Core/Src/acm_GO422.o
 .debug_info    0x0000000000001b60      0x36d Core/Src/freertos.o
 .debug_info    0x0000000000001ecd     0x2330 Core/Src/main.o
 .debug_info    0x00000000000041fd     0x1634 Core/Src/stm32f7xx_hal_msp.o
 .debug_info    0x0000000000005831      0xd47 Core/Src/stm32f7xx_hal_timebase_tim.o
 .debug_info    0x0000000000006578      0xc3a Core/Src/stm32f7xx_it.o
 .debug_info    0x00000000000071b2      0x7ad Core/Src/system_stm32f7xx.o
 .debug_info    0x000000000000795f       0x22 Core/Startup/startup_stm32f756zgtx.o
 .debug_info    0x0000000000007981     0x1bc7 Core/gophercan-lib/GopherCAN.o
 .debug_info    0x0000000000009548      0xc39 Core/gophercan-lib/GopherCAN_ids.o
 .debug_info    0x000000000000a181      0x27f Core/gophercan-lib/GopherCAN_ring_buffer.o
 .debug_info    0x000000000000a400      0xa48 Drivers/STM32F7xx_HAL_Driver/Src/stm32f7xx_hal.o
 .debug_info    0x000000000000ae48      0xd66 Drivers/STM32F7xx_HAL_Driver/Src/stm32f7xx_hal_adc.o
 .debug_info    0x000000000000bbae     0x1091 Drivers/STM32F7xx_HAL_Driver/Src/stm32f7xx_hal_can.o
 .debug_info    0x000000000000cc3f     0x111c Drivers/STM32F7xx_HAL_Driver/Src/stm32f7xx_hal_cortex.o
 .debug_info    0x000000000000dd5b      0x868 Drivers/STM32F7xx_HAL_Driver/Src/stm32f7xx_hal_gpio.o
 .debug_info    0x000000000000e5c3      0x9f6 Drivers/STM32F7xx_HAL_Driver/Src/stm32f7xx_hal_pwr_ex.o
 .debug_info    0x000000000000efb9      0x9cc Drivers/STM32F7xx_HAL_Driver/Src/stm32f7xx_hal_rcc.o
 .debug_info    0x000000000000f985     0x2bad Drivers/STM32F7xx_HAL_Driver/Src/stm32f7xx_hal_tim.o
 .debug_info    0x0000000000012532     0x1608 Drivers/STM32F7xx_HAL_Driver/Src/stm32f7xx_hal_tim_ex.o
 .debug_info    0x0000000000013b3a     0x203a Middlewares/Third_Party/FreeRTOS/Source/CMSIS_RTOS/cmsis_os.o
 .debug_info    0x0000000000015b74      0xb82 Middlewares/Third_Party/FreeRTOS/Source/list.o
 .debug_info    0x00000000000166f6     0x24c3 Middlewares/Third_Party/FreeRTOS/Source/tasks.o
 .debug_info    0x0000000000018bb9      0x4b4 Middlewares/Third_Party/FreeRTOS/Source/portable/GCC/ARM_CM7/r0p1/port.o
 .debug_info    0x000000000001906d      0xc77 Middlewares/Third_Party/FreeRTOS/Source/portable/MemMang/heap_4.o

.debug_abbrev   0x0000000000000000     0x36d6
 .debug_abbrev  0x0000000000000000      0x2f4 Core/Src/acm_GO422.o
 .debug_abbrev  0x00000000000002f4      0x11d Core/Src/freertos.o
 .debug_abbrev  0x0000000000000411      0x32c Core/Src/main.o
 .debug_abbrev  0x000000000000073d      0x253 Core/Src/stm32f7xx_hal_msp.o
 .debug_abbrev  0x0000000000000990      0x1bf Core/Src/stm32f7xx_hal_timebase_tim.o
 .debug_abbrev  0x0000000000000b4f      0x1b8 Core/Src/stm32f7xx_it.o
 .debug_abbrev  0x0000000000000d07      0x165 Core/Src/system_stm32f7xx.o
 .debug_abbrev  0x0000000000000e6c       0x12 Core/Startup/startup_stm32f756zgtx.o
 .debug_abbrev  0x0000000000000e7e      0x360 Core/gophercan-lib/GopherCAN.o
 .debug_abbrev  0x00000000000011de      0x105 Core/gophercan-lib/GopherCAN_ids.o
 .debug_abbrev  0x00000000000012e3      0x12b Core/gophercan-lib/GopherCAN_ring_buffer.o
 .debug_abbrev  0x000000000000140e      0x1ed Drivers/STM32F7xx_HAL_Driver/Src/stm32f7xx_hal.o
 .debug_abbrev  0x00000000000015fb      0x22f Drivers/STM32F7xx_HAL_Driver/Src/stm32f7xx_hal_adc.o
 .debug_abbrev  0x000000000000182a      0x246 Drivers/STM32F7xx_HAL_Driver/Src/stm32f7xx_hal_can.o
 .debug_abbrev  0x0000000000001a70      0x33c Drivers/STM32F7xx_HAL_Driver/Src/stm32f7xx_hal_cortex.o
 .debug_abbrev  0x0000000000001dac      0x1f1 Drivers/STM32F7xx_HAL_Driver/Src/stm32f7xx_hal_gpio.o
 .debug_abbrev  0x0000000000001f9d      0x1dc Drivers/STM32F7xx_HAL_Driver/Src/stm32f7xx_hal_pwr_ex.o
 .debug_abbrev  0x0000000000002179      0x246 Drivers/STM32F7xx_HAL_Driver/Src/stm32f7xx_hal_rcc.o
 .debug_abbrev  0x00000000000023bf      0x25e Drivers/STM32F7xx_HAL_Driver/Src/stm32f7xx_hal_tim.o
 .debug_abbrev  0x000000000000261d      0x266 Drivers/STM32F7xx_HAL_Driver/Src/stm32f7xx_hal_tim_ex.o
 .debug_abbrev  0x0000000000002883      0x3c2 Middlewares/Third_Party/FreeRTOS/Source/CMSIS_RTOS/cmsis_os.o
 .debug_abbrev  0x0000000000002c45      0x1f7 Middlewares/Third_Party/FreeRTOS/Source/list.o
 .debug_abbrev  0x0000000000002e3c      0x380 Middlewares/Third_Party/FreeRTOS/Source/tasks.o
 .debug_abbrev  0x00000000000031bc      0x247 Middlewares/Third_Party/FreeRTOS/Source/portable/GCC/ARM_CM7/r0p1/port.o
 .debug_abbrev  0x0000000000003403      0x2d3 Middlewares/Third_Party/FreeRTOS/Source/portable/MemMang/heap_4.o

.debug_aranges  0x0000000000000000     0x1308
 .debug_aranges
                0x0000000000000000       0x60 Core/Src/acm_GO422.o
 .debug_aranges
                0x0000000000000060       0x20 Core/Src/freertos.o
 .debug_aranges
                0x0000000000000080       0x78 Core/Src/main.o
 .debug_aranges
                0x00000000000000f8       0x58 Core/Src/stm32f7xx_hal_msp.o
 .debug_aranges
                0x0000000000000150       0x30 Core/Src/stm32f7xx_hal_timebase_tim.o
 .debug_aranges
                0x0000000000000180       0x68 Core/Src/stm32f7xx_it.o
 .debug_aranges
                0x00000000000001e8       0x28 Core/Src/system_stm32f7xx.o
 .debug_aranges
                0x0000000000000210       0x28 Core/Startup/startup_stm32f756zgtx.o
 .debug_aranges
                0x0000000000000238       0xf8 Core/gophercan-lib/GopherCAN.o
 .debug_aranges
                0x0000000000000330       0x18 Core/gophercan-lib/GopherCAN_ids.o
 .debug_aranges
                0x0000000000000348       0x40 Core/gophercan-lib/GopherCAN_ring_buffer.o
 .debug_aranges
                0x0000000000000388      0x100 Drivers/STM32F7xx_HAL_Driver/Src/stm32f7xx_hal.o
 .debug_aranges
                0x0000000000000488       0xe8 Drivers/STM32F7xx_HAL_Driver/Src/stm32f7xx_hal_adc.o
 .debug_aranges
                0x0000000000000570      0x138 Drivers/STM32F7xx_HAL_Driver/Src/stm32f7xx_hal_can.o
 .debug_aranges
                0x00000000000006a8      0x118 Drivers/STM32F7xx_HAL_Driver/Src/stm32f7xx_hal_cortex.o
 .debug_aranges
                0x00000000000007c0       0x58 Drivers/STM32F7xx_HAL_Driver/Src/stm32f7xx_hal_gpio.o
 .debug_aranges
                0x0000000000000818       0x80 Drivers/STM32F7xx_HAL_Driver/Src/stm32f7xx_hal_pwr_ex.o
 .debug_aranges
                0x0000000000000898       0x88 Drivers/STM32F7xx_HAL_Driver/Src/stm32f7xx_hal_rcc.o
 .debug_aranges
                0x0000000000000920      0x3e0 Drivers/STM32F7xx_HAL_Driver/Src/stm32f7xx_hal_tim.o
 .debug_aranges
                0x0000000000000d00      0x178 Drivers/STM32F7xx_HAL_Driver/Src/stm32f7xx_hal_tim_ex.o
 .debug_aranges
                0x0000000000000e78      0x1d8 Middlewares/Third_Party/FreeRTOS/Source/CMSIS_RTOS/cmsis_os.o
 .debug_aranges
                0x0000000000001050       0x40 Middlewares/Third_Party/FreeRTOS/Source/list.o
 .debug_aranges
                0x0000000000001090      0x1a8 Middlewares/Third_Party/FreeRTOS/Source/tasks.o
 .debug_aranges
                0x0000000000001238       0x80 Middlewares/Third_Party/FreeRTOS/Source/portable/GCC/ARM_CM7/r0p1/port.o
 .debug_aranges
                0x00000000000012b8       0x50 Middlewares/Third_Party/FreeRTOS/Source/portable/MemMang/heap_4.o

.debug_ranges   0x0000000000000000     0x1178
 .debug_ranges  0x0000000000000000       0x50 Core/Src/acm_GO422.o
 .debug_ranges  0x0000000000000050       0x10 Core/Src/freertos.o
 .debug_ranges  0x0000000000000060       0x68 Core/Src/main.o
 .debug_ranges  0x00000000000000c8       0x48 Core/Src/stm32f7xx_hal_msp.o
 .debug_ranges  0x0000000000000110       0x20 Core/Src/stm32f7xx_hal_timebase_tim.o
 .debug_ranges  0x0000000000000130       0x58 Core/Src/stm32f7xx_it.o
 .debug_ranges  0x0000000000000188       0x18 Core/Src/system_stm32f7xx.o
 .debug_ranges  0x00000000000001a0       0x20 Core/Startup/startup_stm32f756zgtx.o
 .debug_ranges  0x00000000000001c0       0xe8 Core/gophercan-lib/GopherCAN.o
 .debug_ranges  0x00000000000002a8       0x30 Core/gophercan-lib/GopherCAN_ring_buffer.o
 .debug_ranges  0x00000000000002d8       0xf0 Drivers/STM32F7xx_HAL_Driver/Src/stm32f7xx_hal.o
 .debug_ranges  0x00000000000003c8       0xd8 Drivers/STM32F7xx_HAL_Driver/Src/stm32f7xx_hal_adc.o
 .debug_ranges  0x00000000000004a0      0x128 Drivers/STM32F7xx_HAL_Driver/Src/stm32f7xx_hal_can.o
 .debug_ranges  0x00000000000005c8      0x108 Drivers/STM32F7xx_HAL_Driver/Src/stm32f7xx_hal_cortex.o
 .debug_ranges  0x00000000000006d0       0x48 Drivers/STM32F7xx_HAL_Driver/Src/stm32f7xx_hal_gpio.o
 .debug_ranges  0x0000000000000718       0x70 Drivers/STM32F7xx_HAL_Driver/Src/stm32f7xx_hal_pwr_ex.o
 .debug_ranges  0x0000000000000788       0x78 Drivers/STM32F7xx_HAL_Driver/Src/stm32f7xx_hal_rcc.o
 .debug_ranges  0x0000000000000800      0x3d0 Drivers/STM32F7xx_HAL_Driver/Src/stm32f7xx_hal_tim.o
 .debug_ranges  0x0000000000000bd0      0x168 Drivers/STM32F7xx_HAL_Driver/Src/stm32f7xx_hal_tim_ex.o
 .debug_ranges  0x0000000000000d38      0x1c8 Middlewares/Third_Party/FreeRTOS/Source/CMSIS_RTOS/cmsis_os.o
 .debug_ranges  0x0000000000000f00       0x30 Middlewares/Third_Party/FreeRTOS/Source/list.o
 .debug_ranges  0x0000000000000f30      0x198 Middlewares/Third_Party/FreeRTOS/Source/tasks.o
 .debug_ranges  0x00000000000010c8       0x70 Middlewares/Third_Party/FreeRTOS/Source/portable/GCC/ARM_CM7/r0p1/port.o
 .debug_ranges  0x0000000000001138       0x40 Middlewares/Third_Party/FreeRTOS/Source/portable/MemMang/heap_4.o

.debug_macro    0x0000000000000000     0x33b1
 .debug_macro   0x0000000000000000      0x3b7 Core/Src/acm_GO422.o
 .debug_macro   0x00000000000003b7       0xa0 Core/Src/acm_GO422.o
 .debug_macro   0x0000000000000457      0x268 Core/Src/freertos.o
 .debug_macro   0x00000000000006bf      0x314 Core/Src/main.o
 .debug_macro   0x00000000000009d3       0xea Core/Src/main.o
 .debug_macro   0x0000000000000abd      0x200 Core/Src/stm32f7xx_hal_msp.o
 .debug_macro   0x0000000000000cbd      0x1f1 Core/Src/stm32f7xx_hal_timebase_tim.o
 .debug_macro   0x0000000000000eae      0x20a Core/Src/stm32f7xx_it.o
 .debug_macro   0x00000000000010b8      0x1f1 Core/Src/system_stm32f7xx.o
 .debug_macro   0x00000000000012a9      0x243 Core/gophercan-lib/GopherCAN.o
 .debug_macro   0x00000000000014ec      0x243 Core/gophercan-lib/GopherCAN_ids.o
 .debug_macro   0x000000000000172f       0x3c Core/gophercan-lib/GopherCAN_ring_buffer.o
 .debug_macro   0x000000000000176b       0x16 Core/gophercan-lib/GopherCAN_ring_buffer.o
 .debug_macro   0x0000000000001781      0x215 Drivers/STM32F7xx_HAL_Driver/Src/stm32f7xx_hal.o
 .debug_macro   0x0000000000001996      0x1f2 Drivers/STM32F7xx_HAL_Driver/Src/stm32f7xx_hal_adc.o
 .debug_macro   0x0000000000001b88      0x1f9 Drivers/STM32F7xx_HAL_Driver/Src/stm32f7xx_hal_can.o
 .debug_macro   0x0000000000001d81      0x1f1 Drivers/STM32F7xx_HAL_Driver/Src/stm32f7xx_hal_cortex.o
 .debug_macro   0x0000000000001f72      0x227 Drivers/STM32F7xx_HAL_Driver/Src/stm32f7xx_hal_gpio.o
 .debug_macro   0x0000000000002199      0x209 Drivers/STM32F7xx_HAL_Driver/Src/stm32f7xx_hal_pwr_ex.o
 .debug_macro   0x00000000000023a2      0x215 Drivers/STM32F7xx_HAL_Driver/Src/stm32f7xx_hal_rcc.o
 .debug_macro   0x00000000000025b7      0x1f2 Drivers/STM32F7xx_HAL_Driver/Src/stm32f7xx_hal_tim.o
 .debug_macro   0x00000000000027a9      0x1f1 Drivers/STM32F7xx_HAL_Driver/Src/stm32f7xx_hal_tim_ex.o
 .debug_macro   0x000000000000299a      0x1fe Middlewares/Third_Party/FreeRTOS/Source/CMSIS_RTOS/cmsis_os.o
 .debug_macro   0x0000000000002b98       0x10 Middlewares/Third_Party/FreeRTOS/Source/CMSIS_RTOS/cmsis_os.o
 .debug_macro   0x0000000000002ba8       0xc7 Middlewares/Third_Party/FreeRTOS/Source/CMSIS_RTOS/cmsis_os.o
 .debug_macro   0x0000000000002c6f      0x187 Middlewares/Third_Party/FreeRTOS/Source/list.o
 .debug_macro   0x0000000000002df6      0x279 Middlewares/Third_Party/FreeRTOS/Source/tasks.o
 .debug_macro   0x000000000000306f       0x10 Middlewares/Third_Party/FreeRTOS/Source/tasks.o
 .debug_macro   0x000000000000307f      0x184 Middlewares/Third_Party/FreeRTOS/Source/portable/GCC/ARM_CM7/r0p1/port.o
 .debug_macro   0x0000000000003203      0x1ae Middlewares/Third_Party/FreeRTOS/Source/portable/MemMang/heap_4.o

.debug_line     0x0000000000000000    0x15120
 .debug_line    0x0000000000000000      0xc5b Core/Src/acm_GO422.o
 .debug_line    0x0000000000000c5b      0x809 Core/Src/freertos.o
 .debug_line    0x0000000000001464      0xd28 Core/Src/main.o
 .debug_line    0x000000000000218c      0x894 Core/Src/stm32f7xx_hal_msp.o
 .debug_line    0x0000000000002a20      0x766 Core/Src/stm32f7xx_hal_timebase_tim.o
 .debug_line    0x0000000000003186      0x7eb Core/Src/stm32f7xx_it.o
 .debug_line    0x0000000000003971      0x786 Core/Src/system_stm32f7xx.o
 .debug_line    0x00000000000040f7       0x88 Core/Startup/startup_stm32f756zgtx.o
 .debug_line    0x000000000000417f      0xfc0 Core/gophercan-lib/GopherCAN.o
 .debug_line    0x000000000000513f      0x78e Core/gophercan-lib/GopherCAN_ids.o
 .debug_line    0x00000000000058cd      0x20a Core/gophercan-lib/GopherCAN_ring_buffer.o
 .debug_line    0x0000000000005ad7      0xa17 Drivers/STM32F7xx_HAL_Driver/Src/stm32f7xx_hal.o
 .debug_line    0x00000000000064ee     0x1261 Drivers/STM32F7xx_HAL_Driver/Src/stm32f7xx_hal_adc.o
 .debug_line    0x000000000000774f     0x115a Drivers/STM32F7xx_HAL_Driver/Src/stm32f7xx_hal_can.o
 .debug_line    0x00000000000088a9      0xc9d Drivers/STM32F7xx_HAL_Driver/Src/stm32f7xx_hal_cortex.o
 .debug_line    0x0000000000009546      0xb99 Drivers/STM32F7xx_HAL_Driver/Src/stm32f7xx_hal_gpio.o
 .debug_line    0x000000000000a0df      0x98c Drivers/STM32F7xx_HAL_Driver/Src/stm32f7xx_hal_pwr_ex.o
 .debug_line    0x000000000000aa6b      0xe58 Drivers/STM32F7xx_HAL_Driver/Src/stm32f7xx_hal_rcc.o
 .debug_line    0x000000000000b8c3     0x3b57 Drivers/STM32F7xx_HAL_Driver/Src/stm32f7xx_hal_tim.o
 .debug_line    0x000000000000f41a     0x1ae5 Drivers/STM32F7xx_HAL_Driver/Src/stm32f7xx_hal_tim_ex.o
 .debug_line    0x0000000000010eff     0x11c8 Middlewares/Third_Party/FreeRTOS/Source/CMSIS_RTOS/cmsis_os.o
 .debug_line    0x00000000000120c7      0x70f Middlewares/Third_Party/FreeRTOS/Source/list.o
 .debug_line    0x00000000000127d6     0x18d7 Middlewares/Third_Party/FreeRTOS/Source/tasks.o
 .debug_line    0x00000000000140ad      0x798 Middlewares/Third_Party/FreeRTOS/Source/portable/GCC/ARM_CM7/r0p1/port.o
 .debug_line    0x0000000000014845      0x8db Middlewares/Third_Party/FreeRTOS/Source/portable/MemMang/heap_4.o

.debug_str      0x0000000000000000    0xfeada
 .debug_str     0x0000000000000000    0xf1ad7 Core/Src/acm_GO422.o
                                      0xf23ed (size before relaxing)
 .debug_str     0x00000000000f1ad7     0x425d Core/Src/freertos.o
                                      0xf0cc9 (size before relaxing)
 .debug_str     0x00000000000f5d34     0x2ebf Core/Src/main.o
                                      0xf51b4 (size before relaxing)
 .debug_str     0x00000000000f8bf3      0x657 Core/Src/stm32f7xx_hal_msp.o
                                      0xedf3a (size before relaxing)
 .debug_str     0x00000000000f924a       0xaa Core/Src/stm32f7xx_hal_timebase_tim.o
                                      0xed7ad (size before relaxing)
 .debug_str     0x00000000000f92f4       0xe1 Core/Src/stm32f7xx_it.o
                                      0xed6e5 (size before relaxing)
 .debug_str     0x00000000000f93d5      0x178 Core/Src/system_stm32f7xx.o
                                      0xecce3 (size before relaxing)
 .debug_str     0x00000000000f954d       0x36 Core/Startup/startup_stm32f756zgtx.o
                                         0x78 (size before relaxing)
 .debug_str     0x00000000000f9583      0x7b3 Core/gophercan-lib/GopherCAN.o
                                      0xee5a3 (size before relaxing)
 .debug_str     0x00000000000f9d36       0x50 Core/gophercan-lib/GopherCAN_ids.o
                                      0xeda95 (size before relaxing)
 .debug_str     0x00000000000f9d86       0xe5 Core/gophercan-lib/GopherCAN_ring_buffer.o
                                       0x314b (size before relaxing)
 .debug_str     0x00000000000f9e6b      0x341 Drivers/STM32F7xx_HAL_Driver/Src/stm32f7xx_hal.o
                                      0xed5b9 (size before relaxing)
 .debug_str     0x00000000000fa1ac      0x28f Drivers/STM32F7xx_HAL_Driver/Src/stm32f7xx_hal_adc.o
                                      0xed19b (size before relaxing)
 .debug_str     0x00000000000fa43b      0x36b Drivers/STM32F7xx_HAL_Driver/Src/stm32f7xx_hal_can.o
                                      0xed309 (size before relaxing)
 .debug_str     0x00000000000fa7a6      0x37f Drivers/STM32F7xx_HAL_Driver/Src/stm32f7xx_hal_cortex.o
                                      0xed660 (size before relaxing)
 .debug_str     0x00000000000fab25      0x244 Drivers/STM32F7xx_HAL_Driver/Src/stm32f7xx_hal_gpio.o
                                      0xecece (size before relaxing)
 .debug_str     0x00000000000fad69      0x1d1 Drivers/STM32F7xx_HAL_Driver/Src/stm32f7xx_hal_pwr_ex.o
                                      0xecf72 (size before relaxing)
 .debug_str     0x00000000000faf3a      0x26e Drivers/STM32F7xx_HAL_Driver/Src/stm32f7xx_hal_rcc.o
                                      0xed013 (size before relaxing)
 .debug_str     0x00000000000fb1a8      0xd89 Drivers/STM32F7xx_HAL_Driver/Src/stm32f7xx_hal_tim.o
                                      0xedf8b (size before relaxing)
 .debug_str     0x00000000000fbf31      0x494 Drivers/STM32F7xx_HAL_Driver/Src/stm32f7xx_hal_tim_ex.o
                                      0xed78f (size before relaxing)
 .debug_str     0x00000000000fc3c5      0x91d Middlewares/Third_Party/FreeRTOS/Source/CMSIS_RTOS/cmsis_os.o
                                       0xe4ac (size before relaxing)
 .debug_str     0x00000000000fcce2      0x219 Middlewares/Third_Party/FreeRTOS/Source/list.o
                                       0xaada (size before relaxing)
 .debug_str     0x00000000000fcefb     0x1203 Middlewares/Third_Party/FreeRTOS/Source/tasks.o
                                       0xccff (size before relaxing)
 .debug_str     0x00000000000fe0fe      0x782 Middlewares/Third_Party/FreeRTOS/Source/portable/GCC/ARM_CM7/r0p1/port.o
                                       0x8598 (size before relaxing)
 .debug_str     0x00000000000fe880      0x25a Middlewares/Third_Party/FreeRTOS/Source/portable/MemMang/heap_4.o
                                       0xb2cd (size before relaxing)

.comment        0x0000000000000000       0x53
 .comment       0x0000000000000000       0x53 Core/Src/acm_GO422.o
                                         0x54 (size before relaxing)
 .comment       0x0000000000000053       0x54 Core/Src/freertos.o
 .comment       0x0000000000000053       0x54 Core/Src/main.o
 .comment       0x0000000000000053       0x54 Core/Src/stm32f7xx_hal_msp.o
 .comment       0x0000000000000053       0x54 Core/Src/stm32f7xx_hal_timebase_tim.o
 .comment       0x0000000000000053       0x54 Core/Src/stm32f7xx_it.o
 .comment       0x0000000000000053       0x54 Core/Src/system_stm32f7xx.o
 .comment       0x0000000000000053       0x54 Core/gophercan-lib/GopherCAN.o
 .comment       0x0000000000000053       0x54 Core/gophercan-lib/GopherCAN_ids.o
 .comment       0x0000000000000053       0x54 Core/gophercan-lib/GopherCAN_ring_buffer.o
 .comment       0x0000000000000053       0x54 Drivers/STM32F7xx_HAL_Driver/Src/stm32f7xx_hal.o
 .comment       0x0000000000000053       0x54 Drivers/STM32F7xx_HAL_Driver/Src/stm32f7xx_hal_adc.o
 .comment       0x0000000000000053       0x54 Drivers/STM32F7xx_HAL_Driver/Src/stm32f7xx_hal_can.o
 .comment       0x0000000000000053       0x54 Drivers/STM32F7xx_HAL_Driver/Src/stm32f7xx_hal_cortex.o
 .comment       0x0000000000000053       0x54 Drivers/STM32F7xx_HAL_Driver/Src/stm32f7xx_hal_gpio.o
 .comment       0x0000000000000053       0x54 Drivers/STM32F7xx_HAL_Driver/Src/stm32f7xx_hal_pwr_ex.o
 .comment       0x0000000000000053       0x54 Drivers/STM32F7xx_HAL_Driver/Src/stm32f7xx_hal_rcc.o
 .comment       0x0000000000000053       0x54 Drivers/STM32F7xx_HAL_Driver/Src/stm32f7xx_hal_tim.o
 .comment       0x0000000000000053       0x54 Drivers/STM32F7xx_HAL_Driver/Src/stm32f7xx_hal_tim_ex.o
 .comment       0x0000000000000053       0x54 Middlewares/Third_Party/FreeRTOS/Source/CMSIS_RTOS/cmsis_os.o
 .comment       0x0000000000000053       0x54 Middlewares/Third_Party/FreeRTOS/Source/list.o
 .comment       0x0000000000000053       0x54 Middlewares/Third_Party/FreeRTOS/Source/tasks.o
 .comment       0x0000000000000053       0x54 Middlewares/Third_Party/FreeRTOS/Source/portable/GCC/ARM_CM7/r0p1/port.o
 .comment       0x0000000000000053       0x54 Middlewares/Third_Party/FreeRTOS/Source/portable/MemMang/heap_4.o

.debug_frame    0x0000000000000000     0x4e7c
 .debug_frame   0x0000000000000000      0x16c Core/Src/acm_GO422.o
 .debug_frame   0x000000000000016c       0x38 Core/Src/freertos.o
 .debug_frame   0x00000000000001a4      0x1b0 Core/Src/main.o
 .debug_frame   0x0000000000000354      0x138 Core/Src/stm32f7xx_hal_msp.o
 .debug_frame   0x000000000000048c       0x74 Core/Src/stm32f7xx_hal_timebase_tim.o
 .debug_frame   0x0000000000000500      0x118 Core/Src/stm32f7xx_it.o
 .debug_frame   0x0000000000000618       0x58 Core/Src/system_stm32f7xx.o
 .debug_frame   0x0000000000000670      0x43c Core/gophercan-lib/GopherCAN.o
 .debug_frame   0x0000000000000aac       0xd0 Core/gophercan-lib/GopherCAN_ring_buffer.o
 .debug_frame   0x0000000000000b7c      0x3b4 Drivers/STM32F7xx_HAL_Driver/Src/stm32f7xx_hal.o
 .debug_frame   0x0000000000000f30      0x3fc Drivers/STM32F7xx_HAL_Driver/Src/stm32f7xx_hal_adc.o
 .debug_frame   0x000000000000132c      0x5a0 Drivers/STM32F7xx_HAL_Driver/Src/stm32f7xx_hal_can.o
 .debug_frame   0x00000000000018cc      0x498 Drivers/STM32F7xx_HAL_Driver/Src/stm32f7xx_hal_cortex.o
 .debug_frame   0x0000000000001d64      0x14c Drivers/STM32F7xx_HAL_Driver/Src/stm32f7xx_hal_gpio.o
 .debug_frame   0x0000000000001eb0      0x1c8 Drivers/STM32F7xx_HAL_Driver/Src/stm32f7xx_hal_pwr_ex.o
 .debug_frame   0x0000000000002078      0x1f0 Drivers/STM32F7xx_HAL_Driver/Src/stm32f7xx_hal_rcc.o
 .debug_frame   0x0000000000002268     0x1218 Drivers/STM32F7xx_HAL_Driver/Src/stm32f7xx_hal_tim.o
 .debug_frame   0x0000000000003480      0x688 Drivers/STM32F7xx_HAL_Driver/Src/stm32f7xx_hal_tim_ex.o
 .debug_frame   0x0000000000003b08      0x80c Middlewares/Third_Party/FreeRTOS/Source/CMSIS_RTOS/cmsis_os.o
 .debug_frame   0x0000000000004314       0xd8 Middlewares/Third_Party/FreeRTOS/Source/list.o
 .debug_frame   0x00000000000043ec      0x734 Middlewares/Third_Party/FreeRTOS/Source/tasks.o
 .debug_frame   0x0000000000004b20      0x1a8 Middlewares/Third_Party/FreeRTOS/Source/portable/GCC/ARM_CM7/r0p1/port.o
 .debug_frame   0x0000000000004cc8      0x108 Middlewares/Third_Party/FreeRTOS/Source/portable/MemMang/heap_4.o
 .debug_frame   0x0000000000004dd0       0x2c c:/st/stm32cubeide_1.6.1/stm32cubeide/plugins/com.st.stm32cube.ide.mcu.externaltools.gnu-tools-for-stm32.9-2020-q2-update.win32_1.5.0.202011040924/tools/bin/../lib/gcc/arm-none-eabi/9.3.1/../../../../arm-none-eabi/lib/thumb/v7e-m+fp/hard\libc_nano.a(lib_a-init.o)
 .debug_frame   0x0000000000004dfc       0x20 c:/st/stm32cubeide_1.6.1/stm32cubeide/plugins/com.st.stm32cube.ide.mcu.externaltools.gnu-tools-for-stm32.9-2020-q2-update.win32_1.5.0.202011040924/tools/bin/../lib/gcc/arm-none-eabi/9.3.1/../../../../arm-none-eabi/lib/thumb/v7e-m+fp/hard\libc_nano.a(lib_a-memset.o)
 .debug_frame   0x0000000000004e1c       0x2c c:/st/stm32cubeide_1.6.1/stm32cubeide/plugins/com.st.stm32cube.ide.mcu.externaltools.gnu-tools-for-stm32.9-2020-q2-update.win32_1.5.0.202011040924/tools/bin/../lib/gcc/arm-none-eabi/9.3.1/thumb/v7e-m+fp/hard\libgcc.a(_aeabi_uldivmod.o)