DAM.c:73:17:DAM_init	96	static
DAM.c:214:4:lock_param_sending	24	static
DAM.c:244:6:DAM_reset	64	static
DAM.c:315:6:DAM_main_task	16	static
DAM.c:338:6:ADC_sensor_service	8	static
DAM.c:354:6:service_ADC	40	static
DAM.c:390:6:sensorCAN_service	32	static
DAM.c:470:6:handle_DAM_LED	24	static
DAM.c:548:6:handle_DAM_error	16	static
DAM.c:558:6:send_bucket_task	48	static
DAM.c:641:9:get_bucket_by_id	24	static
DAM.c:656:6:fill_gcan_param_data	24	static
DAM.c:708:6:send_bucket_params	24	static
DAM.c:727:6:bucket_ok	24	static
DAM.c:754:6:bucket_requested	24	static
DAM.c:774:6:custom_service_can_rx_hardware	16	static
DAM.c:792:6:gopherCAN_tx_service_task	8	static
DAM.c:804:6:gopherCAN_rx_buffer_service_task	8	static
DAM.c:821:6:fill_can_subparams	24	static
DAM.c:830:6:fill_analog_subparams	24	static
