gopher_sense_lib.c:57:4:configLibADC	24	static
gopher_sense_lib.c:79:6:startDataAq	8	static
gopher_sense_lib.c:101:6:stopDataAq	8	static
gopher_sense_lib.c:123:6:DAQ_TimerCallback	16	static
gopher_sense_lib.c:139:6:add_data_to_buffer	40	static
gopher_sense_lib.c:170:4:configLibTIM	16	static
gopher_sense_lib.c:183:6:configTimer	24	static
gopher_sense_lib.c:205:6:service_scan_rx_buffer	16	static
gopher_sense_lib.c:225:6:sensor_can_message_handle	40	static
gopher_sense_lib.c:294:6:add_scan_message_to_bufffer	48	static
gopher_sense_lib.c:327:4:buffer_full	16	static
gopher_sense_lib.c:336:4:add_to_buffer	16	static
gopher_sense_lib.c:360:4:reset_buffer	16	static
gopher_sense_lib.c:372:4:average_buffer	48	static
gopher_sense_lib.c:411:4:average_buffer_as_float	32	static
gopher_sense_lib.c:453:4:apply_can_sensor_conversion	32	static
gopher_sense_lib.c:463:4:apply_analog_sensor_conversion	24	static
gopher_sense_lib.c:484:4:convert_voltage_load	72	static
gopher_sense_lib.c:514:4:convert_resistive_load	72	static
gopher_sense_lib.c:557:4:convert_current_load	72	static
gopher_sense_lib.c:588:14:adc_to_volts	16	static
gopher_sense_lib.c:594:4:interpolate_table_linear	48	static
gopher_sense_lib.c:636:14:interpolate	32	static
gopher_sense_lib.c:643:4:apply_special_conversions	24	static
gopher_sense_lib.c:651:4:apply_filter	16	static
